Archive member included to satisfy reference by file (symbol)

/usr/lib/gcc/arm-none-eabi/13.2.1/../../../arm-none-eabi/lib/thumb/v8-m.main+fp/softfp/libm.a(libm_a-wf_sqrt.o)
                              CMakeFiles/uart_i2c_bridge.dir/pico-sdk/src/rp2_common/pico_float/float_math.c.o (sqrtf)
/usr/lib/gcc/arm-none-eabi/13.2.1/../../../arm-none-eabi/lib/thumb/v8-m.main+fp/softfp/libm.a(libm_a-ef_sqrt.o)
                              /usr/lib/gcc/arm-none-eabi/13.2.1/../../../arm-none-eabi/lib/thumb/v8-m.main+fp/softfp/libm.a(libm_a-wf_sqrt.o) (__ieee754_sqrtf)
/usr/lib/gcc/arm-none-eabi/13.2.1/thumb/v8-m.main+fp/softfp/libgcc.a(_arm_addsubdf3.o)
                              CMakeFiles/uart_i2c_bridge.dir/pico-sdk/src/rp2_common/pico_float/float_math.c.o (__aeabi_f2d)
/usr/lib/gcc/arm-none-eabi/13.2.1/thumb/v8-m.main+fp/softfp/libgcc.a(_aeabi_ldivmod.o)
                              CMakeFiles/uart_i2c_bridge.dir/pico-sdk/src/common/pico_time/time.c.o (__aeabi_ldivmod)
/usr/lib/gcc/arm-none-eabi/13.2.1/thumb/v8-m.main+fp/softfp/libgcc.a(_aeabi_uldivmod.o)
                              CMakeFiles/uart_i2c_bridge.dir/pico-sdk/src/rp2_common/hardware_clocks/clocks.c.o (__aeabi_uldivmod)
/usr/lib/gcc/arm-none-eabi/13.2.1/thumb/v8-m.main+fp/softfp/libgcc.a(_udivmoddi4.o)
                              /usr/lib/gcc/arm-none-eabi/13.2.1/thumb/v8-m.main+fp/softfp/libgcc.a(_aeabi_ldivmod.o) (__udivmoddi4)
/usr/lib/gcc/arm-none-eabi/13.2.1/thumb/v8-m.main+fp/softfp/libgcc.a(_dvmd_tls.o)
                              /usr/lib/gcc/arm-none-eabi/13.2.1/thumb/v8-m.main+fp/softfp/libgcc.a(_aeabi_ldivmod.o) (__aeabi_ldiv0)
/usr/lib/gcc/arm-none-eabi/13.2.1/../../../arm-none-eabi/lib/thumb/v8-m.main+fp/softfp/libg.a(libc_a-memset.o)
                              /usr/lib/gcc/arm-none-eabi/13.2.1/../../../arm-none-eabi/lib/thumb/v8-m.main+fp/softfp/crt0.o (memset)
/usr/lib/gcc/arm-none-eabi/13.2.1/../../../arm-none-eabi/lib/thumb/v8-m.main+fp/softfp/libg.a(libc_a-calloc.o)
                              CMakeFiles/uart_i2c_bridge.dir/pico-sdk/src/rp2_common/pico_malloc/malloc.c.o (calloc)
/usr/lib/gcc/arm-none-eabi/13.2.1/../../../arm-none-eabi/lib/thumb/v8-m.main+fp/softfp/libg.a(libc_a-errno.o)
                              /usr/lib/gcc/arm-none-eabi/13.2.1/../../../arm-none-eabi/lib/thumb/v8-m.main+fp/softfp/libm.a(libm_a-wf_sqrt.o) (__errno)
/usr/lib/gcc/arm-none-eabi/13.2.1/../../../arm-none-eabi/lib/thumb/v8-m.main+fp/softfp/libg.a(libc_a-impure.o)
                              /usr/lib/gcc/arm-none-eabi/13.2.1/../../../arm-none-eabi/lib/thumb/v8-m.main+fp/softfp/libg.a(libc_a-calloc.o) (_impure_ptr)
/usr/lib/gcc/arm-none-eabi/13.2.1/../../../arm-none-eabi/lib/thumb/v8-m.main+fp/softfp/libg.a(libc_a-callocr.o)
                              /usr/lib/gcc/arm-none-eabi/13.2.1/../../../arm-none-eabi/lib/thumb/v8-m.main+fp/softfp/libg.a(libc_a-calloc.o) (_calloc_r)
/usr/lib/gcc/arm-none-eabi/13.2.1/../../../arm-none-eabi/lib/thumb/v8-m.main+fp/softfp/libg.a(libc_a-realloc.o)
                              CMakeFiles/uart_i2c_bridge.dir/pico-sdk/src/rp2_common/pico_malloc/malloc.c.o (realloc)
/usr/lib/gcc/arm-none-eabi/13.2.1/../../../arm-none-eabi/lib/thumb/v8-m.main+fp/softfp/libg.a(libc_a-mallocr.o)
                              /usr/lib/gcc/arm-none-eabi/13.2.1/../../../arm-none-eabi/lib/thumb/v8-m.main+fp/softfp/libg.a(libc_a-callocr.o) (_malloc_r)
/usr/lib/gcc/arm-none-eabi/13.2.1/../../../arm-none-eabi/lib/thumb/v8-m.main+fp/softfp/libg.a(libc_a-freer.o)
                              /usr/lib/gcc/arm-none-eabi/13.2.1/../../../arm-none-eabi/lib/thumb/v8-m.main+fp/softfp/libg.a(libc_a-mallocr.o) (_free_r)
/usr/lib/gcc/arm-none-eabi/13.2.1/../../../arm-none-eabi/lib/thumb/v8-m.main+fp/softfp/libg.a(libc_a-memcmp.o)
                              CMakeFiles/uart_i2c_bridge.dir/pico-sdk/src/rp2_common/pico_atomic/atomic.c.o (memcmp)
/usr/lib/gcc/arm-none-eabi/13.2.1/../../../arm-none-eabi/lib/thumb/v8-m.main+fp/softfp/libg.a(libc_a-malloc.o)
                              CMakeFiles/uart_i2c_bridge.dir/pico-sdk/src/rp2_common/pico_malloc/malloc.c.o (malloc)
/usr/lib/gcc/arm-none-eabi/13.2.1/../../../arm-none-eabi/lib/thumb/v8-m.main+fp/softfp/libg.a(libc_a-memcpy.o)
                              CMakeFiles/uart_i2c_bridge.dir/uart-i2c-bridge.c.o (memcpy)
/usr/lib/gcc/arm-none-eabi/13.2.1/../../../arm-none-eabi/lib/thumb/v8-m.main+fp/softfp/libg.a(libc_a-sysconf.o)
                              /usr/lib/gcc/arm-none-eabi/13.2.1/../../../arm-none-eabi/lib/thumb/v8-m.main+fp/softfp/libg.a(libc_a-mallocr.o) (sysconf)
/usr/lib/gcc/arm-none-eabi/13.2.1/../../../arm-none-eabi/lib/thumb/v8-m.main+fp/softfp/libg.a(libc_a-init.o)
                              /usr/lib/gcc/arm-none-eabi/13.2.1/../../../arm-none-eabi/lib/thumb/v8-m.main+fp/softfp/crt0.o (__libc_init_array)
/usr/lib/gcc/arm-none-eabi/13.2.1/../../../arm-none-eabi/lib/thumb/v8-m.main+fp/softfp/libg.a(libc_a-reallocr.o)
[...]
Memory Configuration

Name             Origin             Length             Attributes
FLASH            0x10000000         0x00400000         xr
RAM              0x20000000         0x00080000         xrw
SCRATCH_X        0x20080000         0x00001000         xrw
SCRATCH_Y        0x20081000         0x00001000         xrw
*default*        0x00000000         0xffffffff

Linker script and memory map

LOAD /usr/lib/gcc/arm-none-eabi/13.2.1/thumb/v8-m.main+fp/softfp/crti.o
LOAD /usr/lib/gcc/arm-none-eabi/13.2.1/thumb/v8-m.main+fp/softfp/crtbegin.o
LOAD /usr/lib/gcc/arm-none-eabi/13.2.1/../../../arm-none-eabi/lib/thumb/v8-m.main+fp/softfp/crt0.o

.flash_begin    0x10000000        0x0
                0x10000000                        __flash_binary_start = .

.text           0x10000000     0x7364
                0x10000000                        __logical_binary_start = .
 *(.vectors)
 .vectors       0x10000000      0x124 CMakeFiles/uart_i2c_bridge.dir/pico-sdk/src/rp2_common/pico_crt0/crt0.S.o
                0x10000000                __vectors
                0x10000000                __VECTOR_TABLE
                0x10000110                isr_invalid
                0x10000110                __default_isrs_start
                0x10000112                isr_nmi
                0x10000114                isr_hardfault
                0x10000116                isr_svcall
                0x10000118                isr_pendsv
                0x1000011a                isr_systick
                0x1000011c                isr_irq30
                0x1000011c                __unhandled_user_irq
                0x1000011c                isr_irq49
                0x1000011c                isr_irq13
                0x1000011c                isr_irq43
                0x1000011c                isr_irq45
                0x1000011c                isr_irq27
                0x1000011c                isr_irq32
                0x1000011c                isr_irq31
                0x1000011c                isr_irq5
                0x1000011c                isr_irq11
                0x1000011c                isr_irq23
                0x1000011c                isr_irq48
                0x1000011c                isr_irq35
                0x1000011c                isr_irq18
                0x1000011c                isr_irq50
                0x1000011c                isr_irq40
                0x1000011c                isr_irq28
                0x1000011c                isr_irq19
                0x1000011c                isr_irq36
                0x1000011c                isr_irq41
                0x1000011c                isr_irq0
                0x1000011c                isr_irq6
                0x1000011c                isr_irq37
                0x1000011c                isr_irq42
                0x1000011c                isr_irq22
                0x1000011c                isr_irq17
                0x1000011c                isr_irq38
                0x1000011c                isr_irq14
                0x1000011c                isr_irq2
                0x1000011c                isr_irq10
                0x1000011c                isr_irq8
                0x1000011c                isr_irq24
                0x1000011c                isr_irq46
                0x1000011c                isr_irq1
                0x1000011c                isr_irq47
                0x1000011c                isr_irq51
                0x1000011c                isr_irq7
                0x1000011c                isr_irq21
                0x1000011c                isr_irq39
                0x1000011c                isr_irq20
                0x1000011c                isr_irq15
                0x1000011c                isr_irq25
                0x1000011c                isr_irq34
                0x1000011c                isr_irq4
                0x1000011c                isr_irq16
                0x1000011c                isr_irq44
                0x1000011c                isr_irq29
                0x1000011c                isr_irq26
                0x1000011c                __default_isrs_end
                0x1000011c                isr_irq33
                0x1000011c                isr_irq3
                0x1000011c                isr_irq12
                0x1000011c                isr_irq9
                0x10000122                unhandled_user_irq_num_in_r0
 *(.binary_info_header)
 .binary_info_header
                0x10000124       0x14 CMakeFiles/uart_i2c_bridge.dir/pico-sdk/src/rp2_common/pico_crt0/crt0.S.o
                0x10000138                        __binary_info_header_end = .
 *(.embedded_block)
 .embedded_block
                0x10000138       0x14 CMakeFiles/uart_i2c_bridge.dir/pico-sdk/src/rp2_common/pico_crt0/crt0.S.o
                0x1000014c                        __embedded_block_end = .
 *(.reset)
 .reset         0x1000014c       0xa0 CMakeFiles/uart_i2c_bridge.dir/pico-sdk/src/rp2_common/pico_crt0/crt0.S.o
                0x1000014c                _entry_point
 *(.init)
 .init          0x100001ec        0x4 /usr/lib/gcc/arm-none-eabi/13.2.1/thumb/v8-m.main+fp/softfp/crti.o
                0x100001ec                _init
 *libgcc.a:cmse_nonsecure_call.o()
 *(EXCLUDE_FILE(*libm.a: *libc.a:*lib_a-mem*.o *libgcc.a:) .text*)
 .text          0x100001f0       0x8c /usr/lib/gcc/arm-none-eabi/13.2.1/thumb/v8-m.main+fp/softfp/crtbegin.o
 .text.update_uart_cfg
                0x1000027c      0x66c CMakeFiles/uart_i2c_bridge.dir/uart-i2c-bridge.c.o
                0x1000027c                update_uart_cfg
 .text.usb_write_bytes
                0x100008e8       0x90 CMakeFiles/uart_i2c_bridge.dir/uart-i2c-bridge.c.o
                0x100008e8                usb_write_bytes
 .text.core1_entry
                0x10000978       0xdc CMakeFiles/uart_i2c_bridge.dir/uart-i2c-bridge.c.o
                0x10000978                core1_entry
 .text.uart_read_bytes
                0x10000a54      0x16c CMakeFiles/uart_i2c_bridge.dir/uart-i2c-bridge.c.o
                0x10000a54                uart_read_bytes
 .text.uart_write_bytes
                0x10000bc0      0x1ec CMakeFiles/uart_i2c_bridge.dir/uart-i2c-bridge.c.o
                0x10000bc0                uart_write_bytes
 .text.init_uart_data
                0x10000dac      0x360 CMakeFiles/uart_i2c_bridge.dir/uart-i2c-bridge.c.o
                0x10000dac                init_uart_data
 .text.tud_vendor_control_xfer_cb
                0x1000110c      0x160 CMakeFiles/uart_i2c_bridge.dir/uart-i2c-bridge.c.o
                0x1000110c                tud_vendor_control_xfer_cb
 .text.startup.main
                0x1000126c      0x14c CMakeFiles/uart_i2c_bridge.dir/uart-i2c-bridge.c.o
                0x1000126c                main
 .text.tud_descriptor_device_cb
                0x100013b8        0x8 CMakeFiles/uart_i2c_bridge.dir/usb-descriptors.c.o
                0x100013b8                tud_descriptor_device_cb
 .text.tud_descriptor_configuration_cb
                0x100013c0        0x8 CMakeFiles/uart_i2c_bridge.dir/usb-descriptors.c.o
                0x100013c0                tud_descriptor_configuration_cb
 .text.tud_descriptor_string_cb
                0x100013c8       0x5c CMakeFiles/uart_i2c_bridge.dir/usb-descriptors.c.o
                0x100013c8                tud_descriptor_string_cb
 .text.core1_trampoline
                0x10001424        0x4 CMakeFiles/uart_i2c_bridge.dir/pico-sdk/src/rp2_common/pico_multicore/multicore.c.o
 .text.core1_wrapper
                0x10001428       0x10 CMakeFiles/uart_i2c_bridge.dir/pico-sdk/src/rp2_common/pico_multicore/multicore.c.o
                0x10001428                core1_wrapper
 .text.multicore_launch_core1_raw
                0x10001438       0x88 CMakeFiles/uart_i2c_bridge.dir/pico-sdk/src/rp2_common/pico_multicore/multicore.c.o
                0x10001438                multicore_launch_core1_raw
 .text.multicore_launch_core1
                0x100014c0       0x48 CMakeFiles/uart_i2c_bridge.dir/pico-sdk/src/rp2_common/pico_multicore/multicore.c.o
                0x100014c0                multicore_launch_core1
 .text.lock_init
                0x10001508        0xc CMakeFiles/uart_i2c_bridge.dir/pico-sdk/src/common/pico_sync/lock_core.c.o
                0x10001508                lock_init
 .text.runtime_init_mutex
                0x10001514       0x4c CMakeFiles/uart_i2c_bridge.dir/pico-sdk/src/common/pico_sync/mutex.c.o
                0x10001514                runtime_init_mutex
 .text.mutex_init
                0x10001560       0x1c CMakeFiles/uart_i2c_bridge.dir/pico-sdk/src/common/pico_sync/mutex.c.o
                0x10001560                mutex_init
 .text.critical_section_init
                0x1000157c       0x1c CMakeFiles/uart_i2c_bridge.dir/pico-sdk/src/common/pico_sync/critical_section.c.o
                0x1000157c                critical_section_init
 .text.sleep_until_callback
                0x10001598       0x3c CMakeFiles/uart_i2c_bridge.dir/pico-sdk/src/common/pico_time/time.c.o
 *fill*         0x100015d4        0x4 
 .text.alarm_pool_irq_handler
                0x100015d8      0x2e0 CMakeFiles/uart_i2c_bridge.dir/pico-sdk/src/common/pico_time/time.c.o
 .text.runtime_init_default_alarm_pool
                0x100018b8      0x100 CMakeFiles/uart_i2c_bridge.dir/pico-sdk/src/common/pico_time/time.c.o
                0x100018b8                runtime_init_default_alarm_pool
 .text.alarm_pool_add_alarm_at_force_in_context
                0x100019b8       0xc8 CMakeFiles/uart_i2c_bridge.dir/pico-sdk/src/common/pico_time/time.c.o
                0x100019b8                alarm_pool_add_alarm_at_force_in_context
 .text.alarm_pool_cancel_alarm
                0x10001a80       0x80 CMakeFiles/uart_i2c_bridge.dir/pico-sdk/src/common/pico_time/time.c.o
                0x10001a80                alarm_pool_cancel_alarm
 .text.best_effort_wfe_or_timeout
                0x10001b00       0xb0 CMakeFiles/uart_i2c_bridge.dir/pico-sdk/src/common/pico_time/time.c.o
                0x10001b00                best_effort_wfe_or_timeout
 .text.timer_hardware_alarm_claim
                0x10001bb0       0x24 CMakeFiles/uart_i2c_bridge.dir/pico-sdk/src/rp2_common/hardware_timer/timer.c.o
                0x10001bb0                timer_hardware_alarm_claim
 .text.timer_time_us_64
                0x10001bd4       0x10 CMakeFiles/uart_i2c_bridge.dir/pico-sdk/src/rp2_common/hardware_timer/timer.c.o
                0x10001bd4                timer_time_us_64
 .text.time_us_64
                0x10001be4       0x14 CMakeFiles/uart_i2c_bridge.dir/pico-sdk/src/rp2_common/hardware_timer/timer.c.o
                0x10001be4                time_us_64
 .text.busy_wait_us
                0x10001bf8       0x64 CMakeFiles/uart_i2c_bridge.dir/pico-sdk/src/rp2_common/hardware_timer/timer.c.o
                0x10001bf8                busy_wait_us
 .text.panic    0x10001c5c       0x30 CMakeFiles/uart_i2c_bridge.dir/pico-sdk/src/rp2_common/pico_platform_panic/panic.c.o
                0x10001c5c                panic
 .text.hw_claim_lock
                0x10001c8c       0x24 CMakeFiles/uart_i2c_bridge.dir/pico-sdk/src/common/hardware_claim/claim.c.o
                0x10001c8c                hw_claim_lock
 .text.hw_claim_unlock
                0x10001cb0       0x14 CMakeFiles/uart_i2c_bridge.dir/pico-sdk/src/common/hardware_claim/claim.c.o
                0x10001cb0                hw_claim_unlock
 .text.hw_claim_or_assert
                0x10001cc4       0x58 CMakeFiles/uart_i2c_bridge.dir/pico-sdk/src/common/hardware_claim/claim.c.o
                0x10001cc4                hw_claim_or_assert
 .text.hw_claim_unused_from_range
                0x10001d1c       0x9c CMakeFiles/uart_i2c_bridge.dir/pico-sdk/src/common/hardware_claim/claim.c.o
                0x10001d1c                hw_claim_unused_from_range
 .text.next_striped_spin_lock_num
                0x10001db8       0x18 CMakeFiles/uart_i2c_bridge.dir/pico-sdk/src/rp2_common/hardware_sync/sync.c.o
                0x10001db8                next_striped_spin_lock_num
 .text.spin_lock_claim_unused
                0x10001dd0       0x20 CMakeFiles/uart_i2c_bridge.dir/pico-sdk/src/rp2_common/hardware_sync/sync.c.o
                0x10001dd0                spin_lock_claim_unused
 .text.spinlock_set_extexclall
                0x10001df0       0x10 CMakeFiles/uart_i2c_bridge.dir/pico-sdk/src/rp2_common/hardware_sync_spin_lock/sync_spin_lock.c.o
 .text.spin_locks_reset
                0x10001e00       0x18 CMakeFiles/uart_i2c_bridge.dir/pico-sdk/src/rp2_common/hardware_sync_spin_lock/sync_spin_lock.c.o
                0x10001e00                spin_locks_reset
 .text.runtime_init_per_core_irq_priorities
                0x10001e18       0x40 CMakeFiles/uart_i2c_bridge.dir/pico-sdk/src/rp2_common/hardware_irq/irq.c.o
                0x10001e18                runtime_init_per_core_irq_priorities
 .text.irq_set_enabled
                0x10001e58       0x2c CMakeFiles/uart_i2c_bridge.dir/pico-sdk/src/rp2_common/hardware_irq/irq.c.o
                0x10001e58                irq_set_enabled
 .text.irq_is_enabled
                0x10001e84       0x20 CMakeFiles/uart_i2c_bridge.dir/pico-sdk/src/rp2_common/hardware_irq/irq.c.o
                0x10001e84                irq_is_enabled
 .text.irq_set_exclusive_handler
                0x10001ea4       0x60 CMakeFiles/uart_i2c_bridge.dir/pico-sdk/src/rp2_common/hardware_irq/irq.c.o
                0x10001ea4                irq_set_exclusive_handler
 .text.irq_add_shared_handler
                0x10001f04      0x1e8 CMakeFiles/uart_i2c_bridge.dir/pico-sdk/src/rp2_common/hardware_irq/irq.c.o
                0x10001f04                irq_add_shared_handler
 .text.irq_remove_handler
                0x100020ec      0x1fc CMakeFiles/uart_i2c_bridge.dir/pico-sdk/src/rp2_common/hardware_irq/irq.c.o
                0x100020ec                irq_remove_handler
 .text.irq_add_tail_to_free_list
                0x100022e8       0xbc CMakeFiles/uart_i2c_bridge.dir/pico-sdk/src/rp2_common/hardware_irq/irq.c.o
                0x100022e8                irq_add_tail_to_free_list
 .text.gpio_set_function
                0x100023a4       0x3c CMakeFiles/uart_i2c_bridge.dir/pico-sdk/src/rp2_common/hardware_gpio/gpio.c.o
                0x100023a4                gpio_set_function
 .text.gpio_set_pulls
                0x100023e0       0x28 CMakeFiles/uart_i2c_bridge.dir/pico-sdk/src/rp2_common/hardware_gpio/gpio.c.o
                0x100023e0                gpio_set_pulls
 .text.gpio_init
                0x10002408       0x48 CMakeFiles/uart_i2c_bridge.dir/pico-sdk/src/rp2_common/hardware_gpio/gpio.c.o
                0x10002408                gpio_init
 .text.uart_init
                0x10002450      0x104 CMakeFiles/uart_i2c_bridge.dir/pico-sdk/src/rp2_common/hardware_uart/uart.c.o
                0x10002450                uart_init
 .text.uart_set_baudrate
                0x10002554       0x9c CMakeFiles/uart_i2c_bridge.dir/pico-sdk/src/rp2_common/hardware_uart/uart.c.o
                0x10002554                uart_set_baudrate
 .text.uart_set_format
                0x100025f0       0x70 CMakeFiles/uart_i2c_bridge.dir/pico-sdk/src/rp2_common/hardware_uart/uart.c.o
                0x100025f0                uart_set_format
 .text.clock_configure_undivided
                0x10002660       0xd0 CMakeFiles/uart_i2c_bridge.dir/pico-sdk/src/rp2_common/hardware_clocks/clocks.c.o
                0x10002660                clock_configure_undivided
 .text.clock_get_hz
                0x10002730        0xc CMakeFiles/uart_i2c_bridge.dir/pico-sdk/src/rp2_common/hardware_clocks/clocks.c.o
                0x10002730                clock_get_hz
 .text.pll_init
                0x1000273c       0x8c CMakeFiles/uart_i2c_bridge.dir/pico-sdk/src/rp2_common/hardware_pll/pll.c.o
                0x1000273c                pll_init
 .text.tick_start
                0x100027c8       0x18 CMakeFiles/uart_i2c_bridge.dir/pico-sdk/src/rp2_common/hardware_ticks/ticks.c.o
                0x100027c8                tick_start
 .text.rom_func_lookup
                0x100027e0       0x18 CMakeFiles/uart_i2c_bridge.dir/pico-sdk/src/rp2_common/pico_bootrom/bootrom.c.o
                0x100027e0                rom_func_lookup
 .text.rom_data_lookup
                0x100027f8        0x8 CMakeFiles/uart_i2c_bridge.dir/pico-sdk/src/rp2_common/pico_bootrom/bootrom.c.o
                0x100027f8                rom_data_lookup
 .text.runtime_init_bootrom_locking_enable
                0x10002800       0x14 CMakeFiles/uart_i2c_bridge.dir/pico-sdk/src/rp2_common/pico_bootrom/bootrom_lock.c.o
                0x10002800                runtime_init_bootrom_locking_enable
 .text.runtime_init_boot_locks_reset
                0x10002814       0x1c CMakeFiles/uart_i2c_bridge.dir/pico-sdk/src/rp2_common/hardware_boot_lock/boot_lock.c.o
                0x10002814                runtime_init_boot_locks_reset
 .text.xosc_init
                0x10002830       0x2c CMakeFiles/uart_i2c_bridge.dir/pico-sdk/src/rp2_common/hardware_xosc/xosc.c.o
                0x10002830                xosc_init
 .text.first_per_core_initializer
                0x1000285c        0x4 CMakeFiles/uart_i2c_bridge.dir/pico-sdk/src/rp2_common/pico_runtime/runtime.c.o
 .text.hard_assertion_failure
                0x10002860        0xc CMakeFiles/uart_i2c_bridge.dir/pico-sdk/src/rp2_common/pico_runtime/runtime.c.o
                0x10002860                hard_assertion_failure
 .text.runtime_run_initializers
                0x1000286c       0x20 CMakeFiles/uart_i2c_bridge.dir/pico-sdk/src/rp2_common/pico_runtime/runtime.c.o
                0x1000286c                runtime_run_initializers
 .text.runtime_run_per_core_initializers
                0x1000288c       0x20 CMakeFiles/uart_i2c_bridge.dir/pico-sdk/src/rp2_common/pico_runtime/runtime.c.o
                0x1000288c                runtime_run_per_core_initializers
 .text.runtime_init_early_resets
                0x100028ac       0x34 CMakeFiles/uart_i2c_bridge.dir/pico-sdk/src/rp2_common/pico_runtime_init/runtime_init.c.o
                0x100028ac                runtime_init_early_resets
 .text.runtime_init_usb_power_down
                0x100028e0       0x1c CMakeFiles/uart_i2c_bridge.dir/pico-sdk/src/rp2_common/pico_runtime_init/runtime_init.c.o
                0x100028e0                runtime_init_usb_power_down
 .text.runtime_init_per_core_enable_coprocessors
                0x100028fc       0x1c CMakeFiles/uart_i2c_bridge.dir/pico-sdk/src/rp2_common/pico_runtime_init/runtime_init.c.o
                0x100028fc                runtime_init_per_core_enable_coprocessors
 .text.runtime_init_post_clock_resets
                0x10002918       0x20 CMakeFiles/uart_i2c_bridge.dir/pico-sdk/src/rp2_common/pico_runtime_init/runtime_init.c.o
                0x10002918                runtime_init_post_clock_resets
 .text.runtime_init_bootrom_reset
                0x10002938       0x14 CMakeFiles/uart_i2c_bridge.dir/pico-sdk/src/rp2_common/pico_runtime_init/runtime_init.c.o
                0x10002938                runtime_init_bootrom_reset
 .text.runtime_init_per_core_bootrom_reset
                0x1000294c       0x14 CMakeFiles/uart_i2c_bridge.dir/pico-sdk/src/rp2_common/pico_runtime_init/runtime_init.c.o
                0x1000294c                runtime_init_per_core_bootrom_reset
 .text.runtime_init_spin_locks_reset
                0x10002960        0x4 CMakeFiles/uart_i2c_bridge.dir/pico-sdk/src/rp2_common/pico_runtime_init/runtime_init.c.o
                0x10002960                runtime_init_spin_locks_reset
 .text.runtime_init_install_ram_vector_table
                0x10002964       0x20 CMakeFiles/uart_i2c_bridge.dir/pico-sdk/src/rp2_common/pico_runtime_init/runtime_init.c.o
                0x10002964                runtime_init_install_ram_vector_table
 .text.runtime_init_clocks
                0x10002984       0xdc CMakeFiles/uart_i2c_bridge.dir/pico-sdk/src/rp2_common/pico_runtime_init/runtime_init_clocks.c.o
                0x10002984                runtime_init_clocks
 .text.__rp2350_dcp_engaged_state_save_restore
                0x10002a60       0x3a CMakeFiles/uart_i2c_bridge.dir/pico-sdk/src/rp2_common/pico_double/double_aeabi_dcp.S.o
 *fill*         0x10002a9a        0x2 
 .text.__wrap___aeabi_dadd
                0x10002a9c       0x28 CMakeFiles/uart_i2c_bridge.dir/pico-sdk/src/rp2_common/pico_double/double_aeabi_dcp.S.o
                0x10002aa4                __wrap___aeabi_dadd
 .text.__wrap___aeabi_dsub
                0x10002ac4       0x28 CMakeFiles/uart_i2c_bridge.dir/pico-sdk/src/rp2_common/pico_double/double_aeabi_dcp.S.o
                0x10002acc                __wrap___aeabi_dsub
 .text.__wrap___aeabi_dmul
                0x10002aec       0x4c CMakeFiles/uart_i2c_bridge.dir/pico-sdk/src/rp2_common/pico_double/double_aeabi_dcp.S.o
                0x10002af4                __wrap___aeabi_dmul
 .text.__wrap___aeabi_ddiv
                0x10002b38       0x9c CMakeFiles/uart_i2c_bridge.dir/pico-sdk/src/rp2_common/pico_double/double_aeabi_dcp.S.o
                0x10002b40                __wrap___aeabi_ddiv
 .text.__wrap___aeabi_i2d
                0x10002bd4       0x24 CMakeFiles/uart_i2c_bridge.dir/pico-sdk/src/rp2_common/pico_double/double_aeabi_dcp.S.o
                0x10002bdc                __wrap___aeabi_i2d
 .text.__wrap___aeabi_ui2d
                0x10002bf8       0x24 CMakeFiles/uart_i2c_bridge.dir/pico-sdk/src/rp2_common/pico_double/double_aeabi_dcp.S.o
                0x10002c00                __wrap___aeabi_ui2d
 .text.__wrap___aeabi_d2iz
                0x10002c1c       0x24 CMakeFiles/uart_i2c_bridge.dir/pico-sdk/src/rp2_common/pico_double/double_aeabi_dcp.S.o
                0x10002c24                __wrap___aeabi_d2iz
 .text.__wrap___aeabi_d2uiz
                0x10002c40       0x24 CMakeFiles/uart_i2c_bridge.dir/pico-sdk/src/rp2_common/pico_double/double_aeabi_dcp.S.o
                0x10002c48                __wrap___aeabi_d2uiz
 .text.__wrap___aeabi_dcmpun
                0x10002c64       0x24 CMakeFiles/uart_i2c_bridge.dir/pico-sdk/src/rp2_common/pico_double/double_aeabi_dcp.S.o
                0x10002c6c                __wrap___aeabi_dcmpun
 .text.__wrap___aeabi_dcmplt
                0x10002c88       0x28 CMakeFiles/uart_i2c_bridge.dir/pico-sdk/src/rp2_common/pico_double/double_aeabi_dcp.S.o
                0x10002c90                __wrap___aeabi_dcmplt
 .text.__wrap___aeabi_dcmpge
                0x10002cb0       0x28 CMakeFiles/uart_i2c_bridge.dir/pico-sdk/src/rp2_common/pico_double/double_aeabi_dcp.S.o
                0x10002cb8                __wrap___aeabi_dcmpge
 .text.__wrap___aeabi_dcmpgt
                0x10002cd8       0x28 CMakeFiles/uart_i2c_bridge.dir/pico-sdk/src/rp2_common/pico_double/double_aeabi_dcp.S.o
                0x10002ce0                __wrap___aeabi_dcmpgt
 .text._out_buffer
                0x10002d00        0x8 CMakeFiles/uart_i2c_bridge.dir/pico-sdk/src/rp2_common/pico_printf/printf.c.o
 .text._out_null
                0x10002d08        0x4 CMakeFiles/uart_i2c_bridge.dir/pico-sdk/src/rp2_common/pico_printf/printf.c.o
 .text._out_rev
                0x10002d0c       0x9c CMakeFiles/uart_i2c_bridge.dir/pico-sdk/src/rp2_common/pico_printf/printf.c.o
 .text._ntoa_format
                0x10002da8      0x2a4 CMakeFiles/uart_i2c_bridge.dir/pico-sdk/src/rp2_common/pico_printf/printf.c.o
 .text._out_char
                0x1000304c        0x8 CMakeFiles/uart_i2c_bridge.dir/pico-sdk/src/rp2_common/pico_printf/printf.c.o
 *fill*         0x10003054        0x4 
 .text._etoa    0x10003058      0x460 CMakeFiles/uart_i2c_bridge.dir/pico-sdk/src/rp2_common/pico_printf/printf.c.o
 .text._ftoa    0x100034b8      0x3f4 CMakeFiles/uart_i2c_bridge.dir/pico-sdk/src/rp2_common/pico_printf/printf.c.o
 .text._vsnprintf
                0x100038ac      0x9e8 CMakeFiles/uart_i2c_bridge.dir/pico-sdk/src/rp2_common/pico_printf/printf.c.o
 .text.__wrap_sprintf
                0x10004294       0x2c CMakeFiles/uart_i2c_bridge.dir/pico-sdk/src/rp2_common/pico_printf/printf.c.o
                0x10004294                __wrap_sprintf
 .text.weak_raw_vprintf
                0x100042c0       0x30 CMakeFiles/uart_i2c_bridge.dir/pico-sdk/src/rp2_common/pico_printf/printf.c.o
                0x100042c0                weak_raw_vprintf
 .text._exit    0x100042f0        0x4 CMakeFiles/uart_i2c_bridge.dir/pico-sdk/src/rp2_common/pico_clib_interface/newlib_interface.c.o
                0x100042f0                _exit
 .text.exit     0x100042f4        0x8 CMakeFiles/uart_i2c_bridge.dir/pico-sdk/src/rp2_common/pico_clib_interface/newlib_interface.c.o
                0x100042f4                exit
 .text.runtime_init
                0x100042fc       0x24 CMakeFiles/uart_i2c_bridge.dir/pico-sdk/src/rp2_common/pico_clib_interface/newlib_interface.c.o
                0x100042fc                runtime_init
 .text.stdio_out_chars_no_crlf
                0x10004320        0x8 CMakeFiles/uart_i2c_bridge.dir/pico-sdk/src/rp2_common/pico_stdio/stdio.c.o
 .text.stdio_out_chars_crlf
                0x10004328       0xac CMakeFiles/uart_i2c_bridge.dir/pico-sdk/src/rp2_common/pico_stdio/stdio.c.o
 .text.stdio_put_string
                0x100043d4       0xf0 CMakeFiles/uart_i2c_bridge.dir/pico-sdk/src/rp2_common/pico_stdio/stdio.c.o
                0x100043d4                stdio_put_string
 .text.stdio_set_driver_enabled
                0x100044c4       0x30 CMakeFiles/uart_i2c_bridge.dir/pico-sdk/src/rp2_common/pico_stdio/stdio.c.o
                0x100044c4                stdio_set_driver_enabled
 .text.__wrap_putchar
                0x100044f4       0x84 CMakeFiles/uart_i2c_bridge.dir/pico-sdk/src/rp2_common/pico_stdio/stdio.c.o
                0x100044f4                stdio_putchar
                0x100044f4                __wrap_putchar
 .text.__wrap_puts
                0x10004578       0x3c CMakeFiles/uart_i2c_bridge.dir/pico-sdk/src/rp2_common/pico_stdio/stdio.c.o
                0x10004578                __wrap_puts
                0x10004578                stdio_puts
 .text.stdio_uart_out_chars
                0x100045b4       0x50 CMakeFiles/uart_i2c_bridge.dir/pico-sdk/src/rp2_common/pico_stdio_uart/stdio_uart.c.o
 .text.stdio_uart_in_chars
                0x10004604       0x94 CMakeFiles/uart_i2c_bridge.dir/pico-sdk/src/rp2_common/pico_stdio_uart/stdio_uart.c.o
                0x10004604                stdio_uart_in_chars
 .text.on_uart_rx
                0x10004698       0x24 CMakeFiles/uart_i2c_bridge.dir/pico-sdk/src/rp2_common/pico_stdio_uart/stdio_uart.c.o
 .text.stdio_uart_out_flush
                0x100046bc       0x10 CMakeFiles/uart_i2c_bridge.dir/pico-sdk/src/rp2_common/pico_stdio_uart/stdio_uart.c.o
 .text.stdio_uart_set_chars_available_callback
                0x100046cc       0x88 CMakeFiles/uart_i2c_bridge.dir/pico-sdk/src/rp2_common/pico_stdio_uart/stdio_uart.c.o
 .text.stdio_uart_init_full
                0x10004754       0x4c CMakeFiles/uart_i2c_bridge.dir/pico-sdk/src/rp2_common/pico_stdio_uart/stdio_uart.c.o
                0x10004754                stdio_uart_init_full
 .text.flash_get_unique_id
                0x100047a0       0x40 CMakeFiles/uart_i2c_bridge.dir/pico-sdk/src/rp2_common/hardware_flash/flash.c.o
                0x100047a0                flash_get_unique_id
 .text.i2c_read_blocking_internal.constprop.0
                0x100047e0       0x70 CMakeFiles/uart_i2c_bridge.dir/pico-sdk/src/rp2_common/hardware_i2c/i2c.c.o
 .text.i2c_write_blocking_internal.constprop.0
                0x10004850       0x9c CMakeFiles/uart_i2c_bridge.dir/pico-sdk/src/rp2_common/hardware_i2c/i2c.c.o
 .text.i2c_set_baudrate
                0x100048ec       0xa8 CMakeFiles/uart_i2c_bridge.dir/pico-sdk/src/rp2_common/hardware_i2c/i2c.c.o
                0x100048ec                i2c_set_baudrate
 .text.i2c_init
                0x10004994       0x4c CMakeFiles/uart_i2c_bridge.dir/pico-sdk/src/rp2_common/hardware_i2c/i2c.c.o
                0x10004994                i2c_init
 .text.i2c_write_blocking
                0x100049e0       0x10 CMakeFiles/uart_i2c_bridge.dir/pico-sdk/src/rp2_common/hardware_i2c/i2c.c.o
                0x100049e0                i2c_write_blocking
 .text.i2c_read_blocking
                0x100049f0       0x10 CMakeFiles/uart_i2c_bridge.dir/pico-sdk/src/rp2_common/hardware_i2c/i2c.c.o
                0x100049f0                i2c_read_blocking
 .text.dcd_init
                0x10004a00       0x90 CMakeFiles/uart_i2c_bridge.dir/pico-sdk/lib/tinyusb/src/portable/raspberrypi/rp2040/dcd_rp2040.c.o
                0x10004a00                dcd_init
 .text.dcd_int_enable
                0x10004a90        0x8 CMakeFiles/uart_i2c_bridge.dir/pico-sdk/lib/tinyusb/src/portable/raspberrypi/rp2040/dcd_rp2040.c.o
                0x10004a90                dcd_int_enable
 .text.dcd_set_address
                0x10004a98       0x10 CMakeFiles/uart_i2c_bridge.dir/pico-sdk/lib/tinyusb/src/portable/raspberrypi/rp2040/dcd_rp2040.c.o
                0x10004a98                dcd_set_address
 .text.dcd_sof_enable
                0x10004aa8       0x1c CMakeFiles/uart_i2c_bridge.dir/pico-sdk/lib/tinyusb/src/portable/raspberrypi/rp2040/dcd_rp2040.c.o
                0x10004aa8                dcd_sof_enable
 .text.dcd_edpt0_status_complete
                0x10004ac4       0x1c CMakeFiles/uart_i2c_bridge.dir/pico-sdk/lib/tinyusb/src/portable/raspberrypi/rp2040/dcd_rp2040.c.o
                0x10004ac4                dcd_edpt0_status_complete
 .text.dcd_edpt_open
                0x10004ae0       0xf8 CMakeFiles/uart_i2c_bridge.dir/pico-sdk/lib/tinyusb/src/portable/raspberrypi/rp2040/dcd_rp2040.c.o
                0x10004ae0                dcd_edpt_open
 .text.dcd_edpt_close_all
                0x10004bd8        0x4 CMakeFiles/uart_i2c_bridge.dir/pico-sdk/lib/tinyusb/src/portable/raspberrypi/rp2040/dcd_rp2040.c.o
                0x10004bd8                dcd_edpt_close_all
 .text.dcd_edpt_xfer
                0x10004bdc       0x28 CMakeFiles/uart_i2c_bridge.dir/pico-sdk/lib/tinyusb/src/portable/raspberrypi/rp2040/dcd_rp2040.c.o
                0x10004bdc                dcd_edpt_xfer
 .text.dcd_edpt_stall
                0x10004c04       0x2c CMakeFiles/uart_i2c_bridge.dir/pico-sdk/lib/tinyusb/src/portable/raspberrypi/rp2040/dcd_rp2040.c.o
                0x10004c04                dcd_edpt_stall
 .text.dcd_edpt_clear_stall
                0x10004c30       0x2c CMakeFiles/uart_i2c_bridge.dir/pico-sdk/lib/tinyusb/src/portable/raspberrypi/rp2040/dcd_rp2040.c.o
                0x10004c30                dcd_edpt_clear_stall
 .text.rp2040_usb_init
                0x10004c5c       0x40 CMakeFiles/uart_i2c_bridge.dir/pico-sdk/lib/tinyusb/src/portable/raspberrypi/rp2040/rp2040_usb.c.o
                0x10004c5c                rp2040_usb_init
 .text.hw_endpoint_xfer_start
                0x10004c9c       0x40 CMakeFiles/uart_i2c_bridge.dir/pico-sdk/lib/tinyusb/src/portable/raspberrypi/rp2040/rp2040_usb.c.o
                0x10004c9c                hw_endpoint_xfer_start
 .text.configuration_reset
                0x10004cdc       0x8c CMakeFiles/uart_i2c_bridge.dir/pico-sdk/lib/tinyusb/src/device/usbd.c.o
 .text.tud_event_hook_cb
                0x10004d68        0x4 CMakeFiles/uart_i2c_bridge.dir/pico-sdk/lib/tinyusb/src/device/usbd.c.o
                0x10004d68                tud_event_hook_cb
 .text.tud_sof_cb
                0x10004d6c        0x4 CMakeFiles/uart_i2c_bridge.dir/pico-sdk/lib/tinyusb/src/device/usbd.c.o
                0x10004d6c                tud_sof_cb
 .text.tud_descriptor_bos_cb
                0x10004d70        0x4 CMakeFiles/uart_i2c_bridge.dir/pico-sdk/lib/tinyusb/src/device/usbd.c.o
                0x10004d70                tud_descriptor_bos_cb
 .text.tud_descriptor_device_qualifier_cb
                0x10004d74        0x4 CMakeFiles/uart_i2c_bridge.dir/pico-sdk/lib/tinyusb/src/device/usbd.c.o
                0x10004d74                tud_descriptor_device_qualifier_cb
 .text.tud_descriptor_other_speed_configuration_cb
                0x10004d78        0x4 CMakeFiles/uart_i2c_bridge.dir/pico-sdk/lib/tinyusb/src/device/usbd.c.o
                0x10004d78                tud_descriptor_other_speed_configuration_cb
 .text.tud_mount_cb
                0x10004d7c        0x4 CMakeFiles/uart_i2c_bridge.dir/pico-sdk/lib/tinyusb/src/device/usbd.c.o
                0x10004d7c                tud_mount_cb
 .text.tud_umount_cb
                0x10004d80        0x4 CMakeFiles/uart_i2c_bridge.dir/pico-sdk/lib/tinyusb/src/device/usbd.c.o
                0x10004d80                tud_umount_cb
 .text.tud_suspend_cb
                0x10004d84        0x4 CMakeFiles/uart_i2c_bridge.dir/pico-sdk/lib/tinyusb/src/device/usbd.c.o
                0x10004d84                tud_suspend_cb
 .text.tud_resume_cb
                0x10004d88        0x4 CMakeFiles/uart_i2c_bridge.dir/pico-sdk/lib/tinyusb/src/device/usbd.c.o
                0x10004d88                tud_resume_cb
 .text.tud_mounted
                0x10004d8c       0x10 CMakeFiles/uart_i2c_bridge.dir/pico-sdk/lib/tinyusb/src/device/usbd.c.o
                0x10004d8c                tud_mounted
 .text.tud_suspended
                0x10004d9c       0x10 CMakeFiles/uart_i2c_bridge.dir/pico-sdk/lib/tinyusb/src/device/usbd.c.o
                0x10004d9c                tud_suspended
 .text.tud_init
                0x10004dac       0xe8 CMakeFiles/uart_i2c_bridge.dir/pico-sdk/lib/tinyusb/src/device/usbd.c.o
                0x10004dac                tud_init
 .text.tud_task_ext
                0x10004e94      0x784 CMakeFiles/uart_i2c_bridge.dir/pico-sdk/lib/tinyusb/src/device/usbd.c.o
                0x10004e94                tud_task_ext
 .text.usbd_open_edpt_pair
                0x10005618       0x9c CMakeFiles/uart_i2c_bridge.dir/pico-sdk/lib/tinyusb/src/device/usbd.c.o
                0x10005618                usbd_open_edpt_pair
 .text.usbd_edpt_open
                0x100056b4       0x44 CMakeFiles/uart_i2c_bridge.dir/pico-sdk/lib/tinyusb/src/device/usbd.c.o
                0x100056b4                usbd_edpt_open
 .text.usbd_edpt_claim
                0x100056f8       0x24 CMakeFiles/uart_i2c_bridge.dir/pico-sdk/lib/tinyusb/src/device/usbd.c.o
                0x100056f8                usbd_edpt_claim
 .text.usbd_edpt_release
                0x1000571c       0x24 CMakeFiles/uart_i2c_bridge.dir/pico-sdk/lib/tinyusb/src/device/usbd.c.o
                0x1000571c                usbd_edpt_release
 .text.usbd_edpt_xfer
                0x10005740       0x70 CMakeFiles/uart_i2c_bridge.dir/pico-sdk/lib/tinyusb/src/device/usbd.c.o
                0x10005740                usbd_edpt_xfer
 .text.tud_control_status
                0x100057b0       0x34 CMakeFiles/uart_i2c_bridge.dir/pico-sdk/lib/tinyusb/src/device/usbd_control.c.o
                0x100057b0                tud_control_status
 .text.tud_control_xfer
                0x100057e4       0xac CMakeFiles/uart_i2c_bridge.dir/pico-sdk/lib/tinyusb/src/device/usbd_control.c.o
                0x100057e4                tud_control_xfer
 .text.usbd_control_reset
                0x10005890       0x14 CMakeFiles/uart_i2c_bridge.dir/pico-sdk/lib/tinyusb/src/device/usbd_control.c.o
                0x10005890                usbd_control_reset
 .text.usbd_control_set_complete_callback
                0x100058a4        0xc CMakeFiles/uart_i2c_bridge.dir/pico-sdk/lib/tinyusb/src/device/usbd_control.c.o
                0x100058a4                usbd_control_set_complete_callback
 .text.usbd_control_set_request
                0x100058b0       0x1c CMakeFiles/uart_i2c_bridge.dir/pico-sdk/lib/tinyusb/src/device/usbd_control.c.o
                0x100058b0                usbd_control_set_request
 .text.usbd_control_xfer_cb
                0x100058cc       0xfc CMakeFiles/uart_i2c_bridge.dir/pico-sdk/lib/tinyusb/src/device/usbd_control.c.o
                0x100058cc                usbd_control_xfer_cb
 .text._prep_out_transaction.isra.0
                0x100059c8       0x60 CMakeFiles/uart_i2c_bridge.dir/pico-sdk/lib/tinyusb/src/class/cdc/cdc_device.c.o
 .text.tud_cdc_n_connected
                0x10005a28       0x2c CMakeFiles/uart_i2c_bridge.dir/pico-sdk/lib/tinyusb/src/class/cdc/cdc_device.c.o
                0x10005a28                tud_cdc_n_connected
 .text.tud_cdc_n_get_line_coding
                0x10005a54       0x1c CMakeFiles/uart_i2c_bridge.dir/pico-sdk/lib/tinyusb/src/class/cdc/cdc_device.c.o
                0x10005a54                tud_cdc_n_get_line_coding
 .text.tud_cdc_n_available
                0x10005a70       0x18 CMakeFiles/uart_i2c_bridge.dir/pico-sdk/lib/tinyusb/src/class/cdc/cdc_device.c.o
                0x10005a70                tud_cdc_n_available
 .text.tud_cdc_n_read
                0x10005a88       0x90 CMakeFiles/uart_i2c_bridge.dir/pico-sdk/lib/tinyusb/src/class/cdc/cdc_device.c.o
                0x10005a88                tud_cdc_n_read
 .text.tud_cdc_n_write_flush
                0x10005b18       0x8c CMakeFiles/uart_i2c_bridge.dir/pico-sdk/lib/tinyusb/src/class/cdc/cdc_device.c.o
                0x10005b18                tud_cdc_n_write_flush
 .text.tud_cdc_n_write
                0x10005ba4       0x40 CMakeFiles/uart_i2c_bridge.dir/pico-sdk/lib/tinyusb/src/class/cdc/cdc_device.c.o
                0x10005ba4                tud_cdc_n_write
 .text.cdcd_init
                0x10005be4       0xa0 CMakeFiles/uart_i2c_bridge.dir/pico-sdk/lib/tinyusb/src/class/cdc/cdc_device.c.o
                0x10005be4                cdcd_init
 .text.cdcd_deinit
                0x10005c84      0x15c CMakeFiles/uart_i2c_bridge.dir/pico-sdk/lib/tinyusb/src/class/cdc/cdc_device.c.o
                0x10005c84                cdcd_deinit
 .text.cdcd_reset
                0x10005de0       0x6c CMakeFiles/uart_i2c_bridge.dir/pico-sdk/lib/tinyusb/src/class/cdc/cdc_device.c.o
                0x10005de0                cdcd_reset
 .text.cdcd_open
                0x10005e4c      0x120 CMakeFiles/uart_i2c_bridge.dir/pico-sdk/lib/tinyusb/src/class/cdc/cdc_device.c.o
                0x10005e4c                cdcd_open
 .text.cdcd_control_xfer_cb
                0x10005f6c      0x120 CMakeFiles/uart_i2c_bridge.dir/pico-sdk/lib/tinyusb/src/class/cdc/cdc_device.c.o
                0x10005f6c                cdcd_control_xfer_cb
 .text.cdcd_xfer_cb
                0x1000608c      0x210 CMakeFiles/uart_i2c_bridge.dir/pico-sdk/lib/tinyusb/src/class/cdc/cdc_device.c.o
                0x1000608c                cdcd_xfer_cb
 .text.vendord_init
                0x1000629c       0x5c CMakeFiles/uart_i2c_bridge.dir/pico-sdk/lib/tinyusb/src/class/vendor/vendor_device.c.o
                0x1000629c                vendord_init
 .text.vendord_deinit
                0x100062f8       0x1c CMakeFiles/uart_i2c_bridge.dir/pico-sdk/lib/tinyusb/src/class/vendor/vendor_device.c.o
                0x100062f8                vendord_deinit
 .text.vendord_reset
                0x10006314       0x20 CMakeFiles/uart_i2c_bridge.dir/pico-sdk/lib/tinyusb/src/class/vendor/vendor_device.c.o
                0x10006314                vendord_reset
 .text.vendord_open
                0x10006334      0x108 CMakeFiles/uart_i2c_bridge.dir/pico-sdk/lib/tinyusb/src/class/vendor/vendor_device.c.o
                0x10006334                vendord_open
 .text.vendord_xfer_cb
                0x1000643c       0x88 CMakeFiles/uart_i2c_bridge.dir/pico-sdk/lib/tinyusb/src/class/vendor/vendor_device.c.o
                0x1000643c                vendord_xfer_cb
 .text.tusb_init
                0x100064c4       0x1c CMakeFiles/uart_i2c_bridge.dir/pico-sdk/lib/tinyusb/src/tusb.c.o
                0x100064c4                tusb_init
 .text.tu_edpt_claim
                0x100064e0       0x54 CMakeFiles/uart_i2c_bridge.dir/pico-sdk/lib/tinyusb/src/tusb.c.o
                0x100064e0                tu_edpt_claim
 .text.tu_edpt_release
                0x10006534       0x38 CMakeFiles/uart_i2c_bridge.dir/pico-sdk/lib/tinyusb/src/tusb.c.o
                0x10006534                tu_edpt_release
 .text.tu_edpt_validate
                0x1000656c       0x64 CMakeFiles/uart_i2c_bridge.dir/pico-sdk/lib/tinyusb/src/tusb.c.o
                0x1000656c                tu_edpt_validate
 .text.tu_edpt_bind_driver
                0x100065d0       0x58 CMakeFiles/uart_i2c_bridge.dir/pico-sdk/lib/tinyusb/src/tusb.c.o
                0x100065d0                tu_edpt_bind_driver
 .text.tu_edpt_stream_init
                0x10006628       0x58 CMakeFiles/uart_i2c_bridge.dir/pico-sdk/lib/tinyusb/src/tusb.c.o
                0x10006628                tu_edpt_stream_init
 .text.tu_edpt_stream_deinit
                0x10006680        0x4 CMakeFiles/uart_i2c_bridge.dir/pico-sdk/lib/tinyusb/src/tusb.c.o
                0x10006680                tu_edpt_stream_deinit
 .text.tu_edpt_stream_write_zlp_if_needed
                0x10006684       0x68 CMakeFiles/uart_i2c_bridge.dir/pico-sdk/lib/tinyusb/src/tusb.c.o
                0x10006684                tu_edpt_stream_write_zlp_if_needed
 .text.tu_edpt_stream_write_xfer
                0x100066ec       0x70 CMakeFiles/uart_i2c_bridge.dir/pico-sdk/lib/tinyusb/src/tusb.c.o
                0x100066ec                tu_edpt_stream_write_xfer
 .text.tu_edpt_stream_read_xfer
                0x1000675c       0xd0 CMakeFiles/uart_i2c_bridge.dir/pico-sdk/lib/tinyusb/src/tusb.c.o
                0x1000675c                tu_edpt_stream_read_xfer
 .text.tu_fifo_config
                0x1000682c       0x60 CMakeFiles/uart_i2c_bridge.dir/pico-sdk/lib/tinyusb/src/common/tusb_fifo.c.o
                0x1000682c                tu_fifo_config
 .text.tu_fifo_count
                0x1000688c       0x20 CMakeFiles/uart_i2c_bridge.dir/pico-sdk/lib/tinyusb/src/common/tusb_fifo.c.o
                0x1000688c                tu_fifo_count
 .text.tu_fifo_empty
                0x100068ac       0x14 CMakeFiles/uart_i2c_bridge.dir/pico-sdk/lib/tinyusb/src/common/tusb_fifo.c.o
                0x100068ac                tu_fifo_empty
 .text.tu_fifo_remaining
                0x100068c0       0x24 CMakeFiles/uart_i2c_bridge.dir/pico-sdk/lib/tinyusb/src/common/tusb_fifo.c.o
                0x100068c0                tu_fifo_remaining
 .text.tu_fifo_read
                0x100068e4       0x94 CMakeFiles/uart_i2c_bridge.dir/pico-sdk/lib/tinyusb/src/common/tusb_fifo.c.o
                0x100068e4                tu_fifo_read
 .text.tu_fifo_read_n
                0x10006978       0xd8 CMakeFiles/uart_i2c_bridge.dir/pico-sdk/lib/tinyusb/src/common/tusb_fifo.c.o
                0x10006978                tu_fifo_read_n
 .text.tu_fifo_write
                0x10006a50       0xa0 CMakeFiles/uart_i2c_bridge.dir/pico-sdk/lib/tinyusb/src/common/tusb_fifo.c.o
                0x10006a50                tu_fifo_write
 .text.tu_fifo_write_n
                0x10006af0      0x158 CMakeFiles/uart_i2c_bridge.dir/pico-sdk/lib/tinyusb/src/common/tusb_fifo.c.o
                0x10006af0                tu_fifo_write_n
 .text.tu_fifo_clear
                0x10006c48       0x38 CMakeFiles/uart_i2c_bridge.dir/pico-sdk/lib/tinyusb/src/common/tusb_fifo.c.o
                0x10006c48                tu_fifo_clear
 .text.tu_fifo_set_overwritable
                0x10006c80       0x3c CMakeFiles/uart_i2c_bridge.dir/pico-sdk/lib/tinyusb/src/common/tusb_fifo.c.o
                0x10006c80                tu_fifo_set_overwritable
 .text.board_init
                0x10006cbc       0x2c CMakeFiles/uart_i2c_bridge.dir/pico-sdk/lib/tinyusb/hw/bsp/rp2040/family.c.o
                0x10006cbc                board_init
 .text.startup._retrieve_unique_id_on_boot
                0x10006ce8       0x30 CMakeFiles/uart_i2c_bridge.dir/pico-sdk/src/rp2_common/pico_unique_id/unique_id.c.o
 .text.pio_add_program
                0x10006d18       0xf8 CMakeFiles/uart_i2c_bridge.dir/pico-sdk/src/rp2_common/hardware_pio/pio.c.o
                0x10006d18                pio_add_program
 .text.pio_sm_set_pins_with_mask
                0x10006e10       0x68 CMakeFiles/uart_i2c_bridge.dir/pico-sdk/src/rp2_common/hardware_pio/pio.c.o
                0x10006e10                pio_sm_set_pins_with_mask
 .text.pio_sm_set_pindirs_with_mask
                0x10006e78       0x6c CMakeFiles/uart_i2c_bridge.dir/pico-sdk/src/rp2_common/hardware_pio/pio.c.o
                0x10006e78                pio_sm_set_pindirs_with_mask
 .text.pio_sm_set_consecutive_pindirs
                0x10006ee4       0x8c CMakeFiles/uart_i2c_bridge.dir/pico-sdk/src/rp2_common/hardware_pio/pio.c.o
                0x10006ee4                pio_sm_set_consecutive_pindirs
 .text.pio_sm_init
                0x10006f70       0xa8 CMakeFiles/uart_i2c_bridge.dir/pico-sdk/src/rp2_common/hardware_pio/pio.c.o
                0x10006f70                pio_sm_init
 .text          0x10007018       0xa4 /usr/lib/gcc/arm-none-eabi/13.2.1/../../../arm-none-eabi/lib/thumb/v8-m.main+fp/softfp/libg.a(libc_a-memset.o)
                0x10007018                memset
 .text          0x100070bc       0xec /usr/lib/gcc/arm-none-eabi/13.2.1/../../../arm-none-eabi/lib/thumb/v8-m.main+fp/softfp/libg.a(libc_a-memcpy.o)
                0x100070bc                memcpy
 .text          0x100071a8        0xc /usr/lib/gcc/arm-none-eabi/13.2.1/../../../arm-none-eabi/lib/thumb/v8-m.main+fp/softfp/libg.a(libc_a-atexit.o)
                0x100071a8                atexit
 .text          0x100071b4       0x5c /usr/lib/gcc/arm-none-eabi/13.2.1/../../../arm-none-eabi/lib/thumb/v8-m.main+fp/softfp/libg.a(libc_a-strlen-stub.o)
                0x100071b4                strlen
 .text          0x10007210       0x28 /usr/lib/gcc/arm-none-eabi/13.2.1/../../../arm-none-eabi/lib/thumb/v8-m.main+fp/softfp/libg.a(libc_a-fini.o)
                0x10007210                __libc_fini_array
 .text          0x10007238       0x64 /usr/lib/gcc/arm-none-eabi/13.2.1/../../../arm-none-eabi/lib/thumb/v8-m.main+fp/softfp/libg.a(libc_a-__atexit.o)
                0x10007238                __register_exitproc
 .text.startup  0x1000729c       0x14 /usr/lib/gcc/arm-none-eabi/13.2.1/../../../arm-none-eabi/lib/thumb/v8-m.main+fp/softfp/libg.a(libc_a-__call_atexit.o)
 *(.fini)
 .fini          0x100072b0        0x4 /usr/lib/gcc/arm-none-eabi/13.2.1/thumb/v8-m.main+fp/softfp/crti.o
                0x100072b0                _fini
 *fill*         0x100072b4        0x4 
 .fini.__stub   0x100072b8       0x60 linker stubs
 *crtbegin.o(.ctors)
 *crtbegin?.o(.ctors)
 *(EXCLUDE_FILE(*crtend.o *crtend?.o) .ctors)
 *(SORT_BY_NAME(.ctors.*))
 *(.ctors)
 *crtbegin.o(.dtors)
 *crtbegin?.o(.dtors)
 *(EXCLUDE_FILE(*crtend.o *crtend?.o) .dtors)
 *(SORT_BY_NAME(.dtors.*))
 *(.dtors)
                0x10007318                        . = ALIGN (0x4)
                0x10007318                        PROVIDE (__preinit_array_start = .)
 *(SORT_BY_NAME(.preinit_array.*))
 .preinit_array.00050
                0x10007318        0x4 CMakeFiles/uart_i2c_bridge.dir/pico-sdk/src/rp2_common/pico_runtime_init/runtime_init.c.o
                0x10007318                __pre_init_runtime_init_bootrom_reset
 .preinit_array.00100
                0x1000731c        0x4 CMakeFiles/uart_i2c_bridge.dir/pico-sdk/src/rp2_common/pico_runtime_init/runtime_init.c.o
                0x1000731c                __pre_init_runtime_init_early_resets
 .preinit_array.00101
                0x10007320        0x4 CMakeFiles/uart_i2c_bridge.dir/pico-sdk/src/rp2_common/pico_runtime_init/runtime_init.c.o
                0x10007320                __pre_init_runtime_init_usb_power_down
 .preinit_array.00500
                0x10007324        0x4 CMakeFiles/uart_i2c_bridge.dir/pico-sdk/src/rp2_common/pico_runtime_init/runtime_init.c.o
                0x10007324                __pre_init_runtime_init_clocks
 .preinit_array.00600
                0x10007328        0x4 CMakeFiles/uart_i2c_bridge.dir/pico-sdk/src/rp2_common/pico_runtime_init/runtime_init.c.o
                0x10007328                __pre_init_runtime_init_post_clock_resets
 .preinit_array.01000
                0x1000732c        0x4 CMakeFiles/uart_i2c_bridge.dir/pico-sdk/src/rp2_common/hardware_boot_lock/boot_lock.c.o
                0x1000732c                __pre_init_runtime_init_boot_locks_reset
 .preinit_array.01000
                0x10007330        0x4 CMakeFiles/uart_i2c_bridge.dir/pico-sdk/src/rp2_common/pico_runtime_init/runtime_init.c.o
                0x10007330                __pre_init_runtime_init_spin_locks_reset
 .preinit_array.01010
                0x10007334        0x4 CMakeFiles/uart_i2c_bridge.dir/pico-sdk/src/rp2_common/pico_bootrom/bootrom_lock.c.o
                0x10007334                __pre_init_runtime_init_bootrom_locking_enable
 .preinit_array.01100
                0x10007338        0x4 CMakeFiles/uart_i2c_bridge.dir/pico-sdk/src/common/pico_sync/mutex.c.o
                0x10007338                __pre_init_runtime_init_mutex
 .preinit_array.10080
                0x1000733c        0x4 CMakeFiles/uart_i2c_bridge.dir/pico-sdk/src/rp2_common/pico_runtime_init/runtime_init.c.o
                0x1000733c                __pre_init_runtime_init_install_ram_vector_table
 .preinit_array.11000
                0x10007340        0x4 CMakeFiles/uart_i2c_bridge.dir/pico-sdk/src/common/pico_time/time.c.o
                0x10007340                __pre_init_runtime_init_default_alarm_pool
 .preinit_array.YYYYY
                0x10007344        0x4 CMakeFiles/uart_i2c_bridge.dir/pico-sdk/src/rp2_common/pico_runtime/runtime.c.o
                0x10007344                __pre_init_first_per_core_initializer
 .preinit_array.ZZZZZ.00051
                0x10007348        0x4 CMakeFiles/uart_i2c_bridge.dir/pico-sdk/src/rp2_common/pico_runtime_init/runtime_init.c.o
                0x10007348                __pre_init_runtime_init_per_core_bootrom_reset
 .preinit_array.ZZZZZ.00200
                0x1000734c        0x4 CMakeFiles/uart_i2c_bridge.dir/pico-sdk/src/rp2_common/pico_runtime_init/runtime_init.c.o
                0x1000734c                __pre_init_runtime_init_per_core_enable_coprocessors
 .preinit_array.ZZZZZ.01000
                0x10007350        0x4 CMakeFiles/uart_i2c_bridge.dir/pico-sdk/src/rp2_common/hardware_sync_spin_lock/sync_spin_lock.c.o
                0x10007350                __pre_init_spinlock_set_extexclall
 .preinit_array.ZZZZZ.01200
                0x10007354        0x4 CMakeFiles/uart_i2c_bridge.dir/pico-sdk/src/rp2_common/hardware_irq/irq.c.o
                0x10007354                __pre_init_runtime_init_per_core_irq_priorities
 *(.preinit_array)
                0x10007358                        PROVIDE (__preinit_array_end = .)
                0x10007358                        . = ALIGN (0x4)
                0x10007358                        PROVIDE (__init_array_start = .)
 *(SORT_BY_NAME(.init_array.*))
 .init_array.00000
                0x10007358        0x4 /usr/lib/gcc/arm-none-eabi/13.2.1/../../../arm-none-eabi/lib/thumb/v8-m.main+fp/softfp/libg.a(libc_a-__call_atexit.o)
 *(.init_array)
 .init_array    0x1000735c        0x4 /usr/lib/gcc/arm-none-eabi/13.2.1/thumb/v8-m.main+fp/softfp/crtbegin.o
 .init_array    0x10007360        0x4 CMakeFiles/uart_i2c_bridge.dir/pico-sdk/src/rp2_common/pico_unique_id/unique_id.c.o
                0x10007364                        PROVIDE (__init_array_end = .)
                0x10007364                        . = ALIGN (0x4)
                0x10007364                        PROVIDE (__fini_array_start = .)
 *(SORT_BY_NAME(.fini_array.*))
 *(.fini_array)
                0x10007364                        PROVIDE (__fini_array_end = .)
 *(.eh_frame*)
 .eh_frame      0x10007364        0x0 /usr/lib/gcc/arm-none-eabi/13.2.1/thumb/v8-m.main+fp/softfp/crtbegin.o
                0x10007364                        . = ALIGN (0x4)

.glue_7         0x10007364        0x0
 .glue_7        0x10007364        0x0 linker stubs

.glue_7t        0x10007364        0x0
 .glue_7t       0x10007364        0x0 linker stubs

.vfp11_veneer   0x10007364        0x0
 .vfp11_veneer  0x10007364        0x0 linker stubs

.v4_bx          0x10007364        0x0
 .v4_bx         0x10007364        0x0 linker stubs

.iplt           0x10007364        0x0
 .iplt          0x10007364        0x0 /usr/lib/gcc/arm-none-eabi/13.2.1/thumb/v8-m.main+fp/softfp/crtbegin.o

.boot2          0x10007364        0x0
                0x10007364                        __boot2_start__ = .
 *(.boot2)
                0x10007364                        __boot2_end__ = .
                0x00000001                        ASSERT (((__boot2_end__ - __boot2_start__) <= 0x100), ERROR: Pico second stage bootloader must be no more than 256 bytes in size)

.rodata         0x10007368      0x490
 *(EXCLUDE_FILE(*libm.a: *libc.a:*lib_a-mem*.o *libgcc.a:) .rodata*)
 .rodata.main.str1.4
                0x10007368      0x15c CMakeFiles/uart_i2c_bridge.dir/uart-i2c-bridge.c.o
                                  0x3 (size before relaxing)
 .rodata.i2c_func
                0x100074c4        0x4 CMakeFiles/uart_i2c_bridge.dir/uart-i2c-bridge.c.o
                0x100074c4                i2c_func
 .rodata.uart_txp_program
                0x100074c8        0x8 CMakeFiles/uart_i2c_bridge.dir/uart-i2c-bridge.c.o
 .rodata.uart_txp_program_instructions
                0x100074d0        0x8 CMakeFiles/uart_i2c_bridge.dir/uart-i2c-bridge.c.o
 .rodata.uart_tx_program
                0x100074d8        0x8 CMakeFiles/uart_i2c_bridge.dir/uart-i2c-bridge.c.o
 .rodata.uart_tx_program_instructions
                0x100074e0        0x8 CMakeFiles/uart_i2c_bridge.dir/uart-i2c-bridge.c.o
 .rodata.uart_rxp_program
                0x100074e8        0x8 CMakeFiles/uart_i2c_bridge.dir/uart-i2c-bridge.c.o
 .rodata.uart_rxp_program_instructions
                0x100074f0       0x14 CMakeFiles/uart_i2c_bridge.dir/uart-i2c-bridge.c.o
 .rodata.uart_rx_program
                0x10007504        0x8 CMakeFiles/uart_i2c_bridge.dir/uart-i2c-bridge.c.o
 .rodata.uart_rx_program_instructions
                0x1000750c       0x14 CMakeFiles/uart_i2c_bridge.dir/uart-i2c-bridge.c.o
 .rodata.str1.4
                0x10007520       0x39 CMakeFiles/uart_i2c_bridge.dir/usb-descriptors.c.o
 .rodata.usbd_desc_str
                0x10007520       0x18 CMakeFiles/uart_i2c_bridge.dir/usb-descriptors.c.o
 .rodata.usbd_desc_cfg
                0x10007538      0x1ac CMakeFiles/uart_i2c_bridge.dir/usb-descriptors.c.o
 .rodata.usbd_desc_device
                0x100076e4       0x12 CMakeFiles/uart_i2c_bridge.dir/usb-descriptors.c.o
 .rodata.timer_hardware_alarm_claim.str1.4
                0x100076f6       0x22 CMakeFiles/uart_i2c_bridge.dir/pico-sdk/src/rp2_common/hardware_timer/timer.c.o
 .rodata.panic.str1.4
                0x100076f6       0x12 CMakeFiles/uart_i2c_bridge.dir/pico-sdk/src/rp2_common/pico_platform_panic/panic.c.o
 .rodata.spin_lock_claim_unused.str1.4
                0x100076f6       0x1b CMakeFiles/uart_i2c_bridge.dir/pico-sdk/src/rp2_common/hardware_sync/sync.c.o
 .rodata.hard_assertion_failure.str1.4
                0x100076f6        0xc CMakeFiles/uart_i2c_bridge.dir/pico-sdk/src/rp2_common/pico_runtime/runtime.c.o
 .rodata.str1.4
                0x100076f6       0x44 CMakeFiles/uart_i2c_bridge.dir/pico-sdk/src/rp2_common/pico_standard_binary_info/standard_binary_info.c.o
 *fill*         0x100076f6        0x2 
 .rodata.__bi_84
                0x100076f8        0xc CMakeFiles/uart_i2c_bridge.dir/pico-sdk/src/rp2_common/pico_standard_binary_info/standard_binary_info.c.o
 .rodata.__bi_78
                0x10007704        0xc CMakeFiles/uart_i2c_bridge.dir/pico-sdk/src/rp2_common/pico_standard_binary_info/standard_binary_info.c.o
 .rodata.__bi_54
                0x10007710        0xc CMakeFiles/uart_i2c_bridge.dir/pico-sdk/src/rp2_common/pico_standard_binary_info/standard_binary_info.c.o
 .rodata.__bi_48
                0x1000771c        0xc CMakeFiles/uart_i2c_bridge.dir/pico-sdk/src/rp2_common/pico_standard_binary_info/standard_binary_info.c.o
 .rodata.__bi_42
                0x10007728        0xc CMakeFiles/uart_i2c_bridge.dir/pico-sdk/src/rp2_common/pico_standard_binary_info/standard_binary_info.c.o
 .rodata.__bi_34
                0x10007734        0xc CMakeFiles/uart_i2c_bridge.dir/pico-sdk/src/rp2_common/pico_standard_binary_info/standard_binary_info.c.o
 .rodata.__bi_26
                0x10007740        0xc CMakeFiles/uart_i2c_bridge.dir/pico-sdk/src/rp2_common/pico_standard_binary_info/standard_binary_info.c.o
 .rodata._ftoa.str1.4
                0x1000774c       0x15 CMakeFiles/uart_i2c_bridge.dir/pico-sdk/src/rp2_common/pico_printf/printf.c.o
 *fill*         0x1000774c        0x4 
 .rodata.pow10.0
                0x10007750       0x50 CMakeFiles/uart_i2c_bridge.dir/pico-sdk/src/rp2_common/pico_printf/printf.c.o
 .rodata.crlf_str.0
                0x100077a0        0x2 CMakeFiles/uart_i2c_bridge.dir/pico-sdk/src/rp2_common/pico_stdio/stdio.c.o
 .rodata.str1.4
                0x100077a2       0x14 CMakeFiles/uart_i2c_bridge.dir/pico-sdk/lib/tinyusb/src/portable/raspberrypi/rp2040/dcd_rp2040.c.o
 .rodata.str1.4
                0x100077a2       0x48 CMakeFiles/uart_i2c_bridge.dir/pico-sdk/lib/tinyusb/src/portable/raspberrypi/rp2040/rp2040_usb.c.o
 *fill*         0x100077a2        0x2 
 .rodata._usbd_driver
                0x100077a4       0x40 CMakeFiles/uart_i2c_bridge.dir/pico-sdk/lib/tinyusb/src/device/usbd.c.o
 .rodata.str1.4
                0x100077e4        0x4 CMakeFiles/uart_i2c_bridge.dir/pico-sdk/lib/tinyusb/hw/bsp/rp2040/family.c.o
 .rodata.__bi_147.0
                0x100077e4        0xc CMakeFiles/uart_i2c_bridge.dir/pico-sdk/lib/tinyusb/hw/bsp/rp2040/family.c.o
 .rodata.__bi_157.1
                0x100077f0        0x8 CMakeFiles/uart_i2c_bridge.dir/pico-sdk/lib/tinyusb/hw/bsp/rp2040/family.c.o
 *(.srodata*)
                0x100077f8                        . = ALIGN (0x4)
 *(SORT_BY_ALIGNMENT(SORT_BY_NAME(.flashdata*)))
                0x100077f8                        . = ALIGN (0x4)

.ARM.extab
 *(.ARM.extab* .gnu.linkonce.armextab.*)
                0x100077f8                        __exidx_start = .

.ARM.exidx      0x100077f8        0x8
 *(.ARM.exidx* .gnu.linkonce.armexidx.*)
 .ARM.exidx     0x100077f8        0x8 /usr/lib/gcc/arm-none-eabi/13.2.1/../../../arm-none-eabi/lib/thumb/v8-m.main+fp/softfp/libg.a(libc_a-memcpy.o)
 .ARM.exidx     0x10007800        0x0 /usr/lib/gcc/arm-none-eabi/13.2.1/thumb/v8-m.main+fp/softfp/libgcc.a(_udivmoddi4.o)
                                  0x8 (size before relaxing)
                0x10007800                        __exidx_end = .
                0x10007800                        . = ALIGN (0x4)
                0x10007800                        __binary_info_start = .

.binary_info    0x10007800       0x24
 *(.binary_info.keep.*)
 .binary_info.keep.__bi_ptr84
                0x10007800        0x4 CMakeFiles/uart_i2c_bridge.dir/pico-sdk/src/rp2_common/pico_standard_binary_info/standard_binary_info.c.o
 .binary_info.keep.__bi_ptr78
                0x10007804        0x4 CMakeFiles/uart_i2c_bridge.dir/pico-sdk/src/rp2_common/pico_standard_binary_info/standard_binary_info.c.o
 .binary_info.keep.__bi_ptr54
                0x10007808        0x4 CMakeFiles/uart_i2c_bridge.dir/pico-sdk/src/rp2_common/pico_standard_binary_info/standard_binary_info.c.o
 .binary_info.keep.__bi_ptr48
                0x1000780c        0x4 CMakeFiles/uart_i2c_bridge.dir/pico-sdk/src/rp2_common/pico_standard_binary_info/standard_binary_info.c.o
 .binary_info.keep.__bi_ptr42
                0x10007810        0x4 CMakeFiles/uart_i2c_bridge.dir/pico-sdk/src/rp2_common/pico_standard_binary_info/standard_binary_info.c.o
 .binary_info.keep.__bi_ptr34
                0x10007814        0x4 CMakeFiles/uart_i2c_bridge.dir/pico-sdk/src/rp2_common/pico_standard_binary_info/standard_binary_info.c.o
 .binary_info.keep.__bi_ptr26
                0x10007818        0x4 CMakeFiles/uart_i2c_bridge.dir/pico-sdk/src/rp2_common/pico_standard_binary_info/standard_binary_info.c.o
 .binary_info.keep.__bi_ptr157
                0x1000781c        0x4 CMakeFiles/uart_i2c_bridge.dir/pico-sdk/lib/tinyusb/hw/bsp/rp2040/family.c.o
 .binary_info.keep.__bi_ptr147
                0x10007820        0x4 CMakeFiles/uart_i2c_bridge.dir/pico-sdk/lib/tinyusb/hw/bsp/rp2040/family.c.o
 *(.binary_info.*)
                0x10007824                        __binary_info_end = .
                0x10007824                        . = ALIGN (0x4)

.ram_vector_table
                0x20000000      0x110
 *(.ram_vector_table)
 .ram_vector_table
                0x20000000      0x110 CMakeFiles/uart_i2c_bridge.dir/pico-sdk/src/rp2_common/pico_runtime_init/runtime_init.c.o
                0x20000000                ram_vector_table

.uninitialized_data
                0x20000110        0x0
                0x20000110                        . = ALIGN (0x4)
 *(.uninitialized_data*)

.data           0x20000110     0x13f0 load address 0x10007824
                0x20000110                        __data_start__ = .
 *(vtable)
 *(.time_critical*)
 .time_critical.mutex_enter_blocking
                0x20000110       0x80 CMakeFiles/uart_i2c_bridge.dir/pico-sdk/src/common/pico_sync/mutex.c.o
                0x20000110                mutex_enter_blocking
 .time_critical.mutex_try_enter
                0x20000190       0x50 CMakeFiles/uart_i2c_bridge.dir/pico-sdk/src/common/pico_sync/mutex.c.o
                0x20000190                mutex_try_enter
 .time_critical.mutex_enter_block_until
                0x200001e0       0x70 CMakeFiles/uart_i2c_bridge.dir/pico-sdk/src/common/pico_sync/mutex.c.o
                0x200001e0                mutex_enter_block_until
 .time_critical.mutex_try_enter_block_until
                0x20000250       0x6c CMakeFiles/uart_i2c_bridge.dir/pico-sdk/src/common/pico_sync/mutex.c.o
                0x20000250                mutex_try_enter_block_until
 .time_critical.mutex_enter_timeout_ms
                0x200002bc       0x38 CMakeFiles/uart_i2c_bridge.dir/pico-sdk/src/common/pico_sync/mutex.c.o
                0x200002bc                mutex_enter_timeout_ms
 .time_critical.mutex_exit
                0x200002f4       0x3c CMakeFiles/uart_i2c_bridge.dir/pico-sdk/src/common/pico_sync/mutex.c.o
                0x200002f4                mutex_exit
 .time_critical.flash_init_boot2_copyout
                0x20000330       0x34 CMakeFiles/uart_i2c_bridge.dir/pico-sdk/src/rp2_common/hardware_flash/flash.c.o
 .time_critical.flash_enable_xip_via_boot2
                0x20000364        0x8 CMakeFiles/uart_i2c_bridge.dir/pico-sdk/src/rp2_common/hardware_flash/flash.c.o
 .time_critical.flash_rp2350_save_qmi_cs1
                0x2000036c       0x14 CMakeFiles/uart_i2c_bridge.dir/pico-sdk/src/rp2_common/hardware_flash/flash.c.o
 .time_critical.flash_cs_force
                0x20000380       0x18 CMakeFiles/uart_i2c_bridge.dir/pico-sdk/src/rp2_common/hardware_flash/flash.c.o
 .time_critical.flash_devinfo_get_cs_size
                0x20000398       0x1c CMakeFiles/uart_i2c_bridge.dir/pico-sdk/src/rp2_common/hardware_flash/flash.c.o
                0x20000398                flash_devinfo_get_cs_size
 .time_critical.flash_rp2350_restore_qmi_cs1
                0x200003b4       0x30 CMakeFiles/uart_i2c_bridge.dir/pico-sdk/src/rp2_common/hardware_flash/flash.c.o
 .time_critical.flash_do_cmd
                0x200003e4      0x108 CMakeFiles/uart_i2c_bridge.dir/pico-sdk/src/rp2_common/hardware_flash/flash.c.o
                0x200003e4                flash_do_cmd
 .time_critical.xip_cache_maintain
                0x200004ec       0x20 CMakeFiles/uart_i2c_bridge.dir/pico-sdk/src/rp2_common/hardware_xip_cache/xip_cache.c.o
 .time_critical.xip_cache_clean_all
                0x2000050c       0x10 CMakeFiles/uart_i2c_bridge.dir/pico-sdk/src/rp2_common/hardware_xip_cache/xip_cache.c.o
                0x2000050c                xip_cache_clean_all
 .time_critical.reset_non_control_endpoints
                0x2000051c       0x64 CMakeFiles/uart_i2c_bridge.dir/pico-sdk/lib/tinyusb/src/portable/raspberrypi/rp2040/dcd_rp2040.c.o
 .time_critical.hw_handle_buff_status
                0x20000580       0x98 CMakeFiles/uart_i2c_bridge.dir/pico-sdk/lib/tinyusb/src/portable/raspberrypi/rp2040/dcd_rp2040.c.o
 .time_critical.dcd_rp2040_irq
                0x20000618      0x540 CMakeFiles/uart_i2c_bridge.dir/pico-sdk/lib/tinyusb/src/portable/raspberrypi/rp2040/dcd_rp2040.c.o
 .time_critical.prepare_ep_buffer
                0x20000b58       0xd0 CMakeFiles/uart_i2c_bridge.dir/pico-sdk/lib/tinyusb/src/portable/raspberrypi/rp2040/rp2040_usb.c.o
 .time_critical.sync_ep_buffer
                0x20000c28       0xb8 CMakeFiles/uart_i2c_bridge.dir/pico-sdk/lib/tinyusb/src/portable/raspberrypi/rp2040/rp2040_usb.c.o
 .time_critical._hw_endpoint_xfer_sync
                0x20000ce0       0x2c CMakeFiles/uart_i2c_bridge.dir/pico-sdk/lib/tinyusb/src/portable/raspberrypi/rp2040/rp2040_usb.c.o
 .time_critical.e15_is_bulkin_ep
                0x20000d0c       0x28 CMakeFiles/uart_i2c_bridge.dir/pico-sdk/lib/tinyusb/src/portable/raspberrypi/rp2040/rp2040_usb.c.o
 .time_critical.e15_is_critical_frame_period
                0x20000d34       0x28 CMakeFiles/uart_i2c_bridge.dir/pico-sdk/lib/tinyusb/src/portable/raspberrypi/rp2040/rp2040_usb.c.o
 .time_critical.hw_endpoint_reset_transfer
                0x20000d5c        0xc CMakeFiles/uart_i2c_bridge.dir/pico-sdk/lib/tinyusb/src/portable/raspberrypi/rp2040/rp2040_usb.c.o
                0x20000d5c                hw_endpoint_reset_transfer
 .time_critical._hw_endpoint_buffer_control_update32
                0x20000d68       0x44 CMakeFiles/uart_i2c_bridge.dir/pico-sdk/lib/tinyusb/src/portable/raspberrypi/rp2040/rp2040_usb.c.o
                0x20000d68                _hw_endpoint_buffer_control_update32
 .time_critical.hw_endpoint_start_next_buffer
                0x20000dac       0x64 CMakeFiles/uart_i2c_bridge.dir/pico-sdk/lib/tinyusb/src/portable/raspberrypi/rp2040/rp2040_usb.c.o
                0x20000dac                hw_endpoint_start_next_buffer
 .time_critical.hw_endpoint_xfer_continue
                0x20000e10       0x3c CMakeFiles/uart_i2c_bridge.dir/pico-sdk/lib/tinyusb/src/portable/raspberrypi/rp2040/rp2040_usb.c.o
                0x20000e10                hw_endpoint_xfer_continue
 .time_critical.tinyusb
                0x20000e4c      0x224 CMakeFiles/uart_i2c_bridge.dir/pico-sdk/lib/tinyusb/src/device/usbd.c.o
                0x20000e4c                dcd_event_handler
 *(.text*)
 .text          0x20001070       0x30 /usr/lib/gcc/arm-none-eabi/13.2.1/thumb/v8-m.main+fp/softfp/libgcc.a(_aeabi_uldivmod.o)
                0x20001070                __aeabi_uldivmod
 .text          0x200010a0      0x300 /usr/lib/gcc/arm-none-eabi/13.2.1/thumb/v8-m.main+fp/softfp/libgcc.a(_udivmoddi4.o)
                0x200010a0                __udivmoddi4
 .text          0x200013a0        0x4 /usr/lib/gcc/arm-none-eabi/13.2.1/thumb/v8-m.main+fp/softfp/libgcc.a(_dvmd_tls.o)
                0x200013a0                __aeabi_ldiv0
                0x200013a0                __aeabi_idiv0
 *fill*         0x200013a4        0x4 
 .text.__stub   0x200013a8       0x38 linker stubs
                0x200013e0                        . = ALIGN (0x4)
 *(.rodata*)
                0x200013e0                        . = ALIGN (0x4)
 *(.data*)
 .data.UART_ID  0x200013e0       0x60 CMakeFiles/uart_i2c_bridge.dir/uart-i2c-bridge.c.o
                0x200013e0                UART_ID
 .data.led_i2c_pin
                0x20001440        0x1 CMakeFiles/uart_i2c_bridge.dir/uart-i2c-bridge.c.o
                0x20001440                led_i2c_pin
 *fill*         0x20001441        0x3 
 .data.default_alarm_pool
                0x20001444       0x18 CMakeFiles/uart_i2c_bridge.dir/pico-sdk/src/common/pico_time/time.c.o
 .data.striped_spin_lock_num
                0x2000145c        0x1 CMakeFiles/uart_i2c_bridge.dir/pico-sdk/src/rp2_common/hardware_sync/sync.c.o
 *fill*         0x2000145d        0x3 
 .data          0x20001460       0x48 CMakeFiles/uart_i2c_bridge.dir/pico-sdk/src/rp2_common/hardware_irq/irq_handler_chain.S.o
                0x20001460                irq_handler_chain_slots
                0x20001490                irq_handler_chain_first_slot
                0x2000149a                irq_handler_chain_remove_tail
 .data.stdio_uart
                0x200014a8       0x18 CMakeFiles/uart_i2c_bridge.dir/pico-sdk/src/rp2_common/pico_stdio_uart/stdio_uart.c.o
                0x200014a8                stdio_uart
 .data.i2c1_inst
                0x200014c0        0x8 CMakeFiles/uart_i2c_bridge.dir/pico-sdk/src/rp2_common/hardware_i2c/i2c.c.o
                0x200014c0                i2c1_inst
 .data.i2c0_inst
                0x200014c8        0x8 CMakeFiles/uart_i2c_bridge.dir/pico-sdk/src/rp2_common/hardware_i2c/i2c.c.o
                0x200014c8                i2c0_inst
 .data._usbd_qdef
                0x200014d0       0x1c CMakeFiles/uart_i2c_bridge.dir/pico-sdk/lib/tinyusb/src/device/usbd.c.o
                0x200014d0                _usbd_qdef
 .data._usbd_rhport
                0x200014ec        0x1 CMakeFiles/uart_i2c_bridge.dir/pico-sdk/lib/tinyusb/src/device/usbd.c.o
 *(.sdata*)
                0x200014f0                        . = ALIGN (0x4)
 *fill*         0x200014ed        0x3 
 *(.after_data.*)
                0x200014f0                        . = ALIGN (0x4)
                0x200014f0                        PROVIDE (__mutex_array_start = .)
 *(SORT_BY_NAME(.mutex_array.*))
 *(.mutex_array)
 .mutex_array   0x200014f0        0x8 CMakeFiles/uart_i2c_bridge.dir/pico-sdk/src/rp2_common/pico_malloc/malloc.c.o
 .mutex_array   0x200014f8        0x8 CMakeFiles/uart_i2c_bridge.dir/pico-sdk/src/rp2_common/pico_stdio/stdio.c.o
                0x20001500                        PROVIDE (__mutex_array_end = .)
 *(.jcr)
                0x20001500                        . = ALIGN (0x4)

.tm_clone_table
                0x20001500        0x0 load address 0x10008c14
 .tm_clone_table
                0x20001500        0x0 /usr/lib/gcc/arm-none-eabi/13.2.1/thumb/v8-m.main+fp/softfp/crtbegin.o
 .tm_clone_table
                0x20001500        0x0 /usr/lib/gcc/arm-none-eabi/13.2.1/thumb/v8-m.main+fp/softfp/crtend.o

.igot.plt       0x20001500        0x0 load address 0x10008c14
 .igot.plt      0x20001500        0x0 /usr/lib/gcc/arm-none-eabi/13.2.1/thumb/v8-m.main+fp/softfp/crtbegin.o

.tdata          0x20001500        0x0 load address 0x10008c14
                0x20001500                        . = ALIGN (0x4)
 *(.tdata .tdata.* .gnu.linkonce.td.*)
                0x20001500                        __tdata_end = .
                0x20001500                        PROVIDE (__data_end__ = .)
                0x10007824                        __etext = LOADADDR (.data)

.tbss           0x20001500        0x0 load address 0x10008c14
                0x20001500                        . = ALIGN (0x4)
                0x20001500                        __bss_start__ = .
                0x20001500                        __tls_base = .
 *(.tbss .tbss.* .gnu.linkonce.tb.*)
 *(.tcommon)
                0x20001500                        __tls_end = .

.bss            0x20001500     0xfd5c load address 0x10008c14
                0x20001500                        . = ALIGN (0x4)
                0x20001500                        __tbss_end = .
 *(SORT_BY_ALIGNMENT(SORT_BY_NAME(.bss*)))
 .bss._cdcd_itf
                0x20001500     0x34b0 CMakeFiles/uart_i2c_bridge.dir/pico-sdk/lib/tinyusb/src/class/cdc/cdc_device.c.o
 .bss.default_alarm_pool_entries
                0x200049b0      0x180 CMakeFiles/uart_i2c_bridge.dir/pico-sdk/src/common/pico_time/time.c.o
 .bss           0x20004b30       0x1c /usr/lib/gcc/arm-none-eabi/13.2.1/thumb/v8-m.main+fp/softfp/crtbegin.o
 .bss           0x20004b4c      0x190 /usr/lib/gcc/arm-none-eabi/13.2.1/../../../arm-none-eabi/lib/thumb/v8-m.main+fp/softfp/libg.a(libc_a-__atexit.o)
                0x20004b4c                __atexit0
 .bss           0x20004cdc        0x4 /usr/lib/gcc/arm-none-eabi/13.2.1/../../../arm-none-eabi/lib/thumb/v8-m.main+fp/softfp/libg.a(libc_a-__call_atexit.o)
                0x20004cdc                __atexit
 .bss.UART_DATA
                0x20004ce0     0xb568 CMakeFiles/uart_i2c_bridge.dir/uart-i2c-bridge.c.o
                0x20004ce0                UART_DATA
 .bss._app_driver
                0x20010248        0x4 CMakeFiles/uart_i2c_bridge.dir/pico-sdk/lib/tinyusb/src/device/usbd.c.o
 .bss._cdcd_fifo_cfg
                0x2001024c        0x1 CMakeFiles/uart_i2c_bridge.dir/pico-sdk/lib/tinyusb/src/class/cdc/cdc_device.c.o
 *fill*         0x2001024d        0x3 
 .bss._ctrl_xfer
                0x20010250       0x14 CMakeFiles/uart_i2c_bridge.dir/pico-sdk/lib/tinyusb/src/device/usbd_control.c.o
 .bss._sw_spin_locks
                0x20010264       0x20 CMakeFiles/uart_i2c_bridge.dir/pico-sdk/src/rp2_common/hardware_sync_spin_lock/sync_spin_lock.c.o
                0x20010264                _sw_spin_locks
 .bss._ubsd_mutexdef
                0x20010284        0x8 CMakeFiles/uart_i2c_bridge.dir/pico-sdk/lib/tinyusb/src/device/usbd.c.o
 .bss._usbd_ctrl_buf
                0x2001028c       0x40 CMakeFiles/uart_i2c_bridge.dir/pico-sdk/lib/tinyusb/src/device/usbd_control.c.o
 .bss._usbd_dev
                0x200102cc       0x54 CMakeFiles/uart_i2c_bridge.dir/pico-sdk/lib/tinyusb/src/device/usbd.c.o
 .bss._usbd_mutex
                0x20010320        0x4 CMakeFiles/uart_i2c_bridge.dir/pico-sdk/lib/tinyusb/src/device/usbd.c.o
 .bss._usbd_q   0x20010324        0x4 CMakeFiles/uart_i2c_bridge.dir/pico-sdk/lib/tinyusb/src/device/usbd.c.o
 .bss._usbd_qdef_buf
                0x20010328       0xc0 CMakeFiles/uart_i2c_bridge.dir/pico-sdk/lib/tinyusb/src/device/usbd.c.o
                0x20010328                _usbd_qdef_buf
 .bss._used_instruction_space
                0x200103e8        0xc CMakeFiles/uart_i2c_bridge.dir/pico-sdk/src/rp2_common/hardware_pio/pio.c.o
 .bss._vendord_itf
                0x200103f4      0x48c CMakeFiles/uart_i2c_bridge.dir/pico-sdk/lib/tinyusb/src/class/vendor/vendor_device.c.o
 .bss.boot2_copyout
                0x20010880      0x100 CMakeFiles/uart_i2c_bridge.dir/pico-sdk/src/rp2_common/hardware_flash/flash.c.o
 .bss.chars_available_callback
                0x20010980        0x4 CMakeFiles/uart_i2c_bridge.dir/pico-sdk/src/rp2_common/pico_stdio_uart/stdio_uart.c.o
 .bss.chars_available_param
                0x20010984        0x4 CMakeFiles/uart_i2c_bridge.dir/pico-sdk/src/rp2_common/pico_stdio_uart/stdio_uart.c.o
 .bss.claimed   0x20010988        0x2 CMakeFiles/uart_i2c_bridge.dir/pico-sdk/src/rp2_common/hardware_timer/timer.c.o
 *fill*         0x2001098a        0x2 
 .bss.claimed   0x2001098c        0x4 CMakeFiles/uart_i2c_bridge.dir/pico-sdk/src/rp2_common/hardware_sync/sync.c.o
 .bss.configured_freq
                0x20010990       0x28 CMakeFiles/uart_i2c_bridge.dir/pico-sdk/src/rp2_common/hardware_clocks/clocks.c.o
 .bss.desc_str.0
                0x200109b8       0x28 CMakeFiles/uart_i2c_bridge.dir/usb-descriptors.c.o
 .bss.drivers   0x200109e0        0x4 CMakeFiles/uart_i2c_bridge.dir/pico-sdk/src/rp2_common/pico_stdio/stdio.c.o
 .bss.e15_last_sof
                0x200109e4        0x4 CMakeFiles/uart_i2c_bridge.dir/pico-sdk/lib/tinyusb/src/portable/raspberrypi/rp2040/rp2040_usb.c.o
                0x200109e4                e15_last_sof
 .bss.filter    0x200109e8        0x4 CMakeFiles/uart_i2c_bridge.dir/pico-sdk/src/rp2_common/pico_stdio/stdio.c.o
 .bss.hw_endpoints
                0x200109ec      0x400 CMakeFiles/uart_i2c_bridge.dir/pico-sdk/lib/tinyusb/src/portable/raspberrypi/rp2040/dcd_rp2040.c.o
 .bss.i2c_data  0x20010dec      0x400 CMakeFiles/uart_i2c_bridge.dir/uart-i2c-bridge.c.o
                0x20010dec                i2c_data
 .bss.lazy_vsnprintf
                0x200111ec        0x4 CMakeFiles/uart_i2c_bridge.dir/pico-sdk/src/rp2_common/pico_printf/printf.c.o
 .bss.led_i2c_ticker
                0x200111f0        0x4 CMakeFiles/uart_i2c_bridge.dir/uart-i2c-bridge.c.o
                0x200111f0                led_i2c_ticker
 .bss.next_buffer_ptr
                0x200111f4        0x4 CMakeFiles/uart_i2c_bridge.dir/pico-sdk/lib/tinyusb/src/portable/raspberrypi/rp2040/dcd_rp2040.c.o
 .bss.pools     0x200111f8       0x20 CMakeFiles/uart_i2c_bridge.dir/pico-sdk/src/common/pico_time/time.c.o
 .bss.retrieved_id
                0x20011218        0x8 CMakeFiles/uart_i2c_bridge.dir/pico-sdk/src/rp2_common/pico_unique_id/unique_id.c.o
 .bss.rx_offset
                0x20011220        0x4 CMakeFiles/uart_i2c_bridge.dir/uart-i2c-bridge.c.o
                0x20011220                rx_offset
 .bss.rxp_offset
                0x20011224        0x4 CMakeFiles/uart_i2c_bridge.dir/uart-i2c-bridge.c.o
                0x20011224                rxp_offset
 .bss.serial    0x20011228       0x11 CMakeFiles/uart_i2c_bridge.dir/usb-descriptors.c.o
                0x20011228                serial
 *fill*         0x20011239        0x3 
 .bss.sleep_notifier
                0x2001123c        0x4 CMakeFiles/uart_i2c_bridge.dir/pico-sdk/src/common/pico_time/time.c.o
 .bss.tx_offset
                0x20011240        0x4 CMakeFiles/uart_i2c_bridge.dir/uart-i2c-bridge.c.o
                0x20011240                tx_offset
 .bss.txp_offset
                0x20011244        0x4 CMakeFiles/uart_i2c_bridge.dir/uart-i2c-bridge.c.o
                0x20011244                txp_offset
 .bss.uart_char_to_line_feed
                0x20011248        0x4 CMakeFiles/uart_i2c_bridge.dir/pico-sdk/src/rp2_common/hardware_uart/uart.c.o
                0x20011248                uart_char_to_line_feed
 .bss.uart_inst
                0x2001124c        0x4 CMakeFiles/uart_i2c_bridge.dir/pico-sdk/lib/tinyusb/hw/bsp/rp2040/family.c.o
 .bss.uart_instance
                0x20011250        0x4 CMakeFiles/uart_i2c_bridge.dir/pico-sdk/src/rp2_common/pico_stdio_uart/stdio_uart.c.o
 .bss._app_driver_count
                0x20011254        0x1 CMakeFiles/uart_i2c_bridge.dir/pico-sdk/lib/tinyusb/src/device/usbd.c.o
 .bss._sof_enable
                0x20011255        0x1 CMakeFiles/uart_i2c_bridge.dir/pico-sdk/lib/tinyusb/src/portable/raspberrypi/rp2040/dcd_rp2040.c.o
 .bss._usbd_queued_setup
                0x20011256        0x1 CMakeFiles/uart_i2c_bridge.dir/pico-sdk/lib/tinyusb/src/device/usbd.c.o
 .bss.boot2_copyout_valid
                0x20011257        0x1 CMakeFiles/uart_i2c_bridge.dir/pico-sdk/src/rp2_common/hardware_flash/flash.c.o
 .bss.i2c_state
                0x20011258        0x1 CMakeFiles/uart_i2c_bridge.dir/uart-i2c-bridge.c.o
 .bss.irq_handler_chain_free_slot_head
                0x20011259        0x1 CMakeFiles/uart_i2c_bridge.dir/pico-sdk/src/rp2_common/hardware_irq/irq.c.o
 *(COMMON)
                [!provide]                        PROVIDE (__global_pointer$ = (. + 0x800))
 *(.sbss*)
                0x2001125c                        . = ALIGN (0x4)
 *fill*         0x2001125a        0x2 
                0x2001125c                        __bss_end__ = .

.heap           0x2001125c      0x800 load address 0x10008c14
                0x2001125c                        __end__ = .
                0x2001125c                        end = __end__
 *(.heap*)
 .heap          0x2001125c      0x800 CMakeFiles/uart_i2c_bridge.dir/pico-sdk/src/rp2_common/pico_crt0/crt0.S.o
                0x20080000                        __HeapLimit = (ORIGIN (RAM) + LENGTH (RAM))

.scratch_x      0x20080000        0x0 load address 0x10008c14
                0x20080000                        __scratch_x_start__ = .
 *(.scratch_x.*)
                0x20080000                        . = ALIGN (0x4)
                0x20080000                        __scratch_x_end__ = .
                0x10008c14                        __scratch_x_source__ = LOADADDR (.scratch_x)

.scratch_y      0x20081000        0x0 load address 0x10008c14
                0x20081000                        __scratch_y_start__ = .
 *(.scratch_y.*)
                0x20081000                        . = ALIGN (0x4)
                0x20081000                        __scratch_y_end__ = .
                0x10008c14                        __scratch_y_source__ = LOADADDR (.scratch_y)

.stack1_dummy   0x20080000      0x800
 *(.stack1*)
 .stack1        0x20080000      0x800 CMakeFiles/uart_i2c_bridge.dir/pico-sdk/src/rp2_common/pico_multicore/multicore.c.o

.stack_dummy    0x20081000      0x800
 *(.stack*)
 .stack         0x20081000      0x800 CMakeFiles/uart_i2c_bridge.dir/pico-sdk/src/rp2_common/pico_crt0/crt0.S.o

.flash_end      0x10008c14       0x14
 *(.embedded_end_block*)
 .embedded_end_block
                0x10008c14       0x14 CMakeFiles/uart_i2c_bridge.dir/pico-sdk/src/rp2_common/pico_crt0/crt0.S.o
                0x10008c28                        PROVIDE (__flash_binary_end = .)
                0x20080000                        __StackLimit = (ORIGIN (RAM) + LENGTH (RAM))
                0x20081000                        __StackOneTop = (ORIGIN (SCRATCH_X) + LENGTH (SCRATCH_X))
                0x20082000                        __StackTop = (ORIGIN (SCRATCH_Y) + LENGTH (SCRATCH_Y))
                0x20080800                        __StackOneBottom = (__StackOneTop - SIZEOF (.stack1_dummy))
                0x20081800                        __StackBottom = (__StackTop - SIZEOF (.stack_dummy))
                0x20082000                        PROVIDE (__stack = __StackTop)
                [!provide]                        PROVIDE (__heap_start = __end__)
                [!provide]                        PROVIDE (__heap_end = __HeapLimit)
                [!provide]                        PROVIDE (__tls_align = MAX (ALIGNOF (.tdata), ALIGNOF (.tbss)))
                [!provide]                        PROVIDE (__tls_size_align = (((__tls_size + __tls_align) - 0x1) & ~ ((__tls_align - 0x1))))
                [!provide]                        PROVIDE (__arm32_tls_tcb_offset = MAX (0x8, __tls_align))
                [!provide]                        PROVIDE (_end = __end__)
                [!provide]                        PROVIDE (__llvm_libc_heap_limit = __HeapLimit)
                0x00000001                        ASSERT ((__StackLimit >= __HeapLimit), region RAM overflowed)
                0x00000001                        ASSERT (((__binary_info_header_end - __logical_binary_start) <= 0x400), Binary info must be in first 1024 bytes of the binary)
                0x00000001                        ASSERT (((__embedded_block_end - __logical_binary_start) <= 0x1000), Embedded block must be in first 4096 bytes of the binary)
LOAD CMakeFiles/uart_i2c_bridge.dir/uart-i2c-bridge.c.o
LOAD CMakeFiles/uart_i2c_bridge.dir/usb-descriptors.c.o
LOAD CMakeFiles/uart_i2c_bridge.dir/pico-sdk/src/rp2_common/pico_multicore/multicore.c.o
LOAD CMakeFiles/uart_i2c_bridge.dir/pico-sdk/src/common/pico_sync/sem.c.o
LOAD CMakeFiles/uart_i2c_bridge.dir/pico-sdk/src/common/pico_sync/lock_core.c.o
LOAD CMakeFiles/uart_i2c_bridge.dir/pico-sdk/src/common/pico_sync/mutex.c.o
LOAD CMakeFiles/uart_i2c_bridge.dir/pico-sdk/src/common/pico_sync/critical_section.c.o
LOAD CMakeFiles/uart_i2c_bridge.dir/pico-sdk/src/common/pico_time/time.c.o
LOAD CMakeFiles/uart_i2c_bridge.dir/pico-sdk/src/common/pico_time/timeout_helper.c.o
LOAD CMakeFiles/uart_i2c_bridge.dir/pico-sdk/src/rp2_common/hardware_timer/timer.c.o
LOAD CMakeFiles/uart_i2c_bridge.dir/pico-sdk/src/rp2350/pico_platform/platform.c.o
LOAD CMakeFiles/uart_i2c_bridge.dir/pico-sdk/src/rp2_common/pico_platform_panic/panic.c.o
LOAD CMakeFiles/uart_i2c_bridge.dir/pico-sdk/src/common/hardware_claim/claim.c.o
LOAD CMakeFiles/uart_i2c_bridge.dir/pico-sdk/src/rp2_common/hardware_sync/sync.c.o
LOAD CMakeFiles/uart_i2c_bridge.dir/pico-sdk/src/rp2_common/hardware_sync_spin_lock/sync_spin_lock.c.o
LOAD CMakeFiles/uart_i2c_bridge.dir/pico-sdk/src/rp2_common/hardware_irq/irq.c.o
LOAD CMakeFiles/uart_i2c_bridge.dir/pico-sdk/src/rp2_common/hardware_irq/irq_handler_chain.S.o
LOAD CMakeFiles/uart_i2c_bridge.dir/pico-sdk/src/common/pico_util/datetime.c.o
LOAD CMakeFiles/uart_i2c_bridge.dir/pico-sdk/src/common/pico_util/pheap.c.o
LOAD CMakeFiles/uart_i2c_bridge.dir/pico-sdk/src/common/pico_util/queue.c.o
LOAD CMakeFiles/uart_i2c_bridge.dir/pico-sdk/src/rp2_common/pico_stdlib/stdlib.c.o
LOAD CMakeFiles/uart_i2c_bridge.dir/pico-sdk/src/rp2_common/hardware_gpio/gpio.c.o
LOAD CMakeFiles/uart_i2c_bridge.dir/pico-sdk/src/rp2_common/hardware_uart/uart.c.o
LOAD CMakeFiles/uart_i2c_bridge.dir/pico-sdk/src/rp2_common/hardware_clocks/clocks.c.o
LOAD CMakeFiles/uart_i2c_bridge.dir/pico-sdk/src/rp2_common/hardware_pll/pll.c.o
LOAD CMakeFiles/uart_i2c_bridge.dir/pico-sdk/src/rp2_common/hardware_vreg/vreg.c.o
LOAD CMakeFiles/uart_i2c_bridge.dir/pico-sdk/src/rp2_common/hardware_watchdog/watchdog.c.o
LOAD CMakeFiles/uart_i2c_bridge.dir/pico-sdk/src/rp2_common/hardware_ticks/ticks.c.o
LOAD CMakeFiles/uart_i2c_bridge.dir/pico-sdk/src/rp2_common/pico_bootrom/bootrom.c.o
LOAD CMakeFiles/uart_i2c_bridge.dir/pico-sdk/src/rp2_common/pico_bootrom/bootrom_lock.c.o
LOAD CMakeFiles/uart_i2c_bridge.dir/pico-sdk/src/rp2_common/hardware_boot_lock/boot_lock.c.o
LOAD CMakeFiles/uart_i2c_bridge.dir/pico-sdk/src/rp2_common/pico_flash/flash.c.o
LOAD CMakeFiles/uart_i2c_bridge.dir/pico-sdk/src/rp2_common/hardware_xosc/xosc.c.o
LOAD CMakeFiles/uart_i2c_bridge.dir/pico-sdk/src/rp2_common/hardware_divider/divider.c.o
LOAD CMakeFiles/uart_i2c_bridge.dir/pico-sdk/src/rp2_common/pico_runtime/runtime.c.o
LOAD CMakeFiles/uart_i2c_bridge.dir/pico-sdk/src/rp2_common/pico_runtime_init/runtime_init.c.o
LOAD CMakeFiles/uart_i2c_bridge.dir/pico-sdk/src/rp2_common/pico_runtime_init/runtime_init_clocks.c.o
LOAD CMakeFiles/uart_i2c_bridge.dir/pico-sdk/src/rp2_common/pico_runtime_init/runtime_init_stack_guard.c.o
LOAD CMakeFiles/uart_i2c_bridge.dir/pico-sdk/src/rp2_common/pico_bit_ops/bit_ops_aeabi.S.o
LOAD CMakeFiles/uart_i2c_bridge.dir/pico-sdk/src/rp2_common/pico_divider/divider_compiler.c.o
LOAD CMakeFiles/uart_i2c_bridge.dir/pico-sdk/src/rp2_common/pico_double/double_math.c.o
LOAD CMakeFiles/uart_i2c_bridge.dir/pico-sdk/src/rp2_common/pico_double/double_aeabi_dcp.S.o
LOAD CMakeFiles/uart_i2c_bridge.dir/pico-sdk/src/rp2_common/pico_double/double_fma_dcp.S.o
LOAD CMakeFiles/uart_i2c_bridge.dir/pico-sdk/src/rp2_common/pico_double/double_sci_m33.S.o
LOAD CMakeFiles/uart_i2c_bridge.dir/pico-sdk/src/rp2_common/pico_double/double_conv_m33.S.o
LOAD CMakeFiles/uart_i2c_bridge.dir/pico-sdk/src/rp2_common/pico_float/float_math.c.o
LOAD CMakeFiles/uart_i2c_bridge.dir/pico-sdk/src/rp2_common/pico_float/float_sci_m33_vfp.S.o
LOAD CMakeFiles/uart_i2c_bridge.dir/pico-sdk/src/rp2_common/pico_float/float_conv_m33.S.o
LOAD CMakeFiles/uart_i2c_bridge.dir/pico-sdk/src/rp2_common/pico_malloc/malloc.c.o
LOAD CMakeFiles/uart_i2c_bridge.dir/pico-sdk/src/rp2_common/pico_atomic/atomic.c.o
LOAD CMakeFiles/uart_i2c_bridge.dir/pico-sdk/src/rp2_common/pico_cxx_options/new_delete.cpp.o
LOAD CMakeFiles/uart_i2c_bridge.dir/pico-sdk/src/rp2_common/pico_standard_binary_info/standard_binary_info.c.o
LOAD CMakeFiles/uart_i2c_bridge.dir/pico-sdk/src/rp2_common/pico_printf/printf.c.o
LOAD CMakeFiles/uart_i2c_bridge.dir/pico-sdk/src/rp2_common/pico_crt0/crt0.S.o
LOAD CMakeFiles/uart_i2c_bridge.dir/pico-sdk/src/rp2_common/pico_clib_interface/newlib_interface.c.o
LOAD CMakeFiles/uart_i2c_bridge.dir/pico-sdk/src/rp2_common/pico_stdio/stdio.c.o
LOAD CMakeFiles/uart_i2c_bridge.dir/pico-sdk/src/rp2_common/pico_stdio_uart/stdio_uart.c.o
LOAD CMakeFiles/uart_i2c_bridge.dir/pico-sdk/src/rp2_common/hardware_flash/flash.c.o
LOAD CMakeFiles/uart_i2c_bridge.dir/pico-sdk/src/rp2_common/hardware_xip_cache/xip_cache.c.o
LOAD CMakeFiles/uart_i2c_bridge.dir/pico-sdk/src/rp2_common/hardware_i2c/i2c.c.o
LOAD CMakeFiles/uart_i2c_bridge.dir/pico-sdk/lib/tinyusb/src/portable/raspberrypi/rp2040/dcd_rp2040.c.o
LOAD CMakeFiles/uart_i2c_bridge.dir/pico-sdk/lib/tinyusb/src/portable/raspberrypi/rp2040/rp2040_usb.c.o
LOAD CMakeFiles/uart_i2c_bridge.dir/pico-sdk/lib/tinyusb/src/device/usbd.c.o
LOAD CMakeFiles/uart_i2c_bridge.dir/pico-sdk/lib/tinyusb/src/device/usbd_control.c.o
LOAD CMakeFiles/uart_i2c_bridge.dir/pico-sdk/lib/tinyusb/src/class/audio/audio_device.c.o
LOAD CMakeFiles/uart_i2c_bridge.dir/pico-sdk/lib/tinyusb/src/class/cdc/cdc_device.c.o
LOAD CMakeFiles/uart_i2c_bridge.dir/pico-sdk/lib/tinyusb/src/class/dfu/dfu_device.c.o
LOAD CMakeFiles/uart_i2c_bridge.dir/pico-sdk/lib/tinyusb/src/class/dfu/dfu_rt_device.c.o
LOAD CMakeFiles/uart_i2c_bridge.dir/pico-sdk/lib/tinyusb/src/class/hid/hid_device.c.o
LOAD CMakeFiles/uart_i2c_bridge.dir/pico-sdk/lib/tinyusb/src/class/midi/midi_device.c.o
LOAD CMakeFiles/uart_i2c_bridge.dir/pico-sdk/lib/tinyusb/src/class/msc/msc_device.c.o
LOAD CMakeFiles/uart_i2c_bridge.dir/pico-sdk/lib/tinyusb/src/class/net/ecm_rndis_device.c.o
LOAD CMakeFiles/uart_i2c_bridge.dir/pico-sdk/lib/tinyusb/src/class/net/ncm_device.c.o
LOAD CMakeFiles/uart_i2c_bridge.dir/pico-sdk/lib/tinyusb/src/class/usbtmc/usbtmc_device.c.o
LOAD CMakeFiles/uart_i2c_bridge.dir/pico-sdk/lib/tinyusb/src/class/vendor/vendor_device.c.o
LOAD CMakeFiles/uart_i2c_bridge.dir/pico-sdk/lib/tinyusb/src/class/video/video_device.c.o
LOAD CMakeFiles/uart_i2c_bridge.dir/pico-sdk/lib/tinyusb/src/tusb.c.o
LOAD CMakeFiles/uart_i2c_bridge.dir/pico-sdk/lib/tinyusb/src/common/tusb_fifo.c.o
LOAD CMakeFiles/uart_i2c_bridge.dir/pico-sdk/src/rp2_common/pico_fix/rp2040_usb_device_enumeration/rp2040_usb_device_enumeration.c.o
LOAD CMakeFiles/uart_i2c_bridge.dir/pico-sdk/lib/tinyusb/hw/bsp/rp2040/family.c.o
LOAD CMakeFiles/uart_i2c_bridge.dir/pico-sdk/src/rp2_common/pico_unique_id/unique_id.c.o
LOAD CMakeFiles/uart_i2c_bridge.dir/pico-sdk/src/rp2_common/hardware_pio/pio.c.o
LOAD pico-sdk/src/rp2350/boot_stage2/CMakeFiles/bs2_default_library.dir/bs2_default_padded_checksummed.S.o
LOAD /usr/lib/gcc/arm-none-eabi/13.2.1/../../../arm-none-eabi/lib/thumb/v8-m.main+fp/softfp/libstdc++.a
LOAD /usr/lib/gcc/arm-none-eabi/13.2.1/../../../arm-none-eabi/lib/thumb/v8-m.main+fp/softfp/libm.a
START GROUP
LOAD /usr/lib/gcc/arm-none-eabi/13.2.1/thumb/v8-m.main+fp/softfp/libgcc.a
LOAD /usr/lib/gcc/arm-none-eabi/13.2.1/../../../arm-none-eabi/lib/thumb/v8-m.main+fp/softfp/libg.a
LOAD /usr/lib/gcc/arm-none-eabi/13.2.1/../../../arm-none-eabi/lib/thumb/v8-m.main+fp/softfp/libc.a
END GROUP
START GROUP
LOAD /usr/lib/gcc/arm-none-eabi/13.2.1/thumb/v8-m.main+fp/softfp/libgcc.a
LOAD /usr/lib/gcc/arm-none-eabi/13.2.1/../../../arm-none-eabi/lib/thumb/v8-m.main+fp/softfp/libc.a
LOAD /usr/lib/gcc/arm-none-eabi/13.2.1/../../../arm-none-eabi/lib/thumb/v8-m.main+fp/softfp/libnosys.a
END GROUP
LOAD /usr/lib/gcc/arm-none-eabi/13.2.1/thumb/v8-m.main+fp/softfp/crtend.o
LOAD /usr/lib/gcc/arm-none-eabi/13.2.1/thumb/v8-m.main+fp/softfp/crtn.o
OUTPUT(uart_i2c_bridge.elf elf32-littlearm)
LOAD linker stubs

.rel.dyn        0x10008c28        0x0
 .rel.iplt      0x10008c28        0x0 /usr/lib/gcc/arm-none-eabi/13.2.1/thumb/v8-m.main+fp/softfp/crtbegin.o

.ARM.attributes
                0x00000000       0x34
 .ARM.attributes
                0x00000000       0x26 /usr/lib/gcc/arm-none-eabi/13.2.1/thumb/v8-m.main+fp/softfp/crti.o
 .ARM.attributes
                0x00000026       0x36 /usr/lib/gcc/arm-none-eabi/13.2.1/thumb/v8-m.main+fp/softfp/crtbegin.o
 .ARM.attributes
                0x0000005c       0x38 CMakeFiles/uart_i2c_bridge.dir/uart-i2c-bridge.c.o
 .ARM.attributes
                0x00000094       0x38 CMakeFiles/uart_i2c_bridge.dir/usb-descriptors.c.o
 .ARM.attributes
                0x000000cc       0x38 CMakeFiles/uart_i2c_bridge.dir/pico-sdk/src/rp2_common/pico_multicore/multicore.c.o
 .ARM.attributes
                0x00000104       0x38 CMakeFiles/uart_i2c_bridge.dir/pico-sdk/src/common/pico_sync/lock_core.c.o
 .ARM.attributes
                0x0000013c       0x38 CMakeFiles/uart_i2c_bridge.dir/pico-sdk/src/common/pico_sync/mutex.c.o
 .ARM.attributes
                0x00000174       0x38 CMakeFiles/uart_i2c_bridge.dir/pico-sdk/src/common/pico_sync/critical_section.c.o
 .ARM.attributes
                0x000001ac       0x38 CMakeFiles/uart_i2c_bridge.dir/pico-sdk/src/common/pico_time/time.c.o
 .ARM.attributes
                0x000001e4       0x38 CMakeFiles/uart_i2c_bridge.dir/pico-sdk/src/rp2_common/hardware_timer/timer.c.o
 .ARM.attributes
                0x0000021c       0x38 CMakeFiles/uart_i2c_bridge.dir/pico-sdk/src/rp2_common/pico_platform_panic/panic.c.o
 .ARM.attributes
                0x00000254       0x38 CMakeFiles/uart_i2c_bridge.dir/pico-sdk/src/common/hardware_claim/claim.c.o
 .ARM.attributes
                0x0000028c       0x38 CMakeFiles/uart_i2c_bridge.dir/pico-sdk/src/rp2_common/hardware_sync/sync.c.o
 .ARM.attributes
                0x000002c4       0x38 CMakeFiles/uart_i2c_bridge.dir/pico-sdk/src/rp2_common/hardware_sync_spin_lock/sync_spin_lock.c.o
 .ARM.attributes
                0x000002fc       0x38 CMakeFiles/uart_i2c_bridge.dir/pico-sdk/src/rp2_common/hardware_irq/irq.c.o
 .ARM.attributes
                0x00000334       0x28 CMakeFiles/uart_i2c_bridge.dir/pico-sdk/src/rp2_common/hardware_irq/irq_handler_chain.S.o
 .ARM.attributes
                0x0000035c       0x38 CMakeFiles/uart_i2c_bridge.dir/pico-sdk/src/rp2_common/hardware_gpio/gpio.c.o
 .ARM.attributes
                0x00000394       0x38 CMakeFiles/uart_i2c_bridge.dir/pico-sdk/src/rp2_common/hardware_uart/uart.c.o
 .ARM.attributes
                0x000003cc       0x38 CMakeFiles/uart_i2c_bridge.dir/pico-sdk/src/rp2_common/hardware_clocks/clocks.c.o
 .ARM.attributes
                0x00000404       0x38 CMakeFiles/uart_i2c_bridge.dir/pico-sdk/src/rp2_common/hardware_pll/pll.c.o
 .ARM.attributes
                0x0000043c       0x38 CMakeFiles/uart_i2c_bridge.dir/pico-sdk/src/rp2_common/hardware_ticks/ticks.c.o
 .ARM.attributes
                0x00000474       0x38 CMakeFiles/uart_i2c_bridge.dir/pico-sdk/src/rp2_common/pico_bootrom/bootrom.c.o
 .ARM.attributes
                0x000004ac       0x38 CMakeFiles/uart_i2c_bridge.dir/pico-sdk/src/rp2_common/pico_bootrom/bootrom_lock.c.o
 .ARM.attributes
                0x000004e4       0x38 CMakeFiles/uart_i2c_bridge.dir/pico-sdk/src/rp2_common/hardware_boot_lock/boot_lock.c.o
 .ARM.attributes
                0x0000051c       0x38 CMakeFiles/uart_i2c_bridge.dir/pico-sdk/src/rp2_common/hardware_xosc/xosc.c.o
 .ARM.attributes
                0x00000554       0x38 CMakeFiles/uart_i2c_bridge.dir/pico-sdk/src/rp2_common/pico_runtime/runtime.c.o
 .ARM.attributes
                0x0000058c       0x38 CMakeFiles/uart_i2c_bridge.dir/pico-sdk/src/rp2_common/pico_runtime_init/runtime_init.c.o
 .ARM.attributes